Component: ARM Compiler 5.06 update 3 (build 300) Tool: armlink [4d35c9]

==============================================================================

Section Cross References

    stm32f1xx_hal_msp.o(i.HAL_MspInit) refers to stm32f1xx_hal_cortex.o(i.HAL_NVIC_SetPriorityGrouping) for HAL_NVIC_SetPriorityGrouping
    stm32f1xx_hal_msp.o(i.HAL_MspInit) refers to stm32f1xx_hal_cortex.o(i.HAL_NVIC_SetPriority) for HAL_NVIC_SetPriority
    main.o(i.Creat_Single) refers to dfltui.o(.text) for __aeabi_ui2d
    main.o(i.Creat_Single) refers to dmul.o(.text) for __aeabi_dmul
    main.o(i.Creat_Single) refers to ddiv.o(.text) for __aeabi_ddiv
    main.o(i.Creat_Single) refers to sin.o(i.sin) for sin
    main.o(i.Creat_Single) refers to dscalb.o(.text) for __ARM_scalbn
    main.o(i.Creat_Single) refers to dadd.o(.text) for __aeabi_dadd
    main.o(i.Creat_Single) refers to d2f.o(.text) for __aeabi_d2f
    main.o(i.Creat_Single) refers to ffixi.o(.text) for __aeabi_f2iz
    main.o(i.Creat_Single) refers to main.o(.bss) for .bss
    main.o(i.GetPowerMag) refers to fflti.o(.text) for __aeabi_i2f
    main.o(i.GetPowerMag) refers to fscalb.o(.text) for __ARM_scalbnf
    main.o(i.GetPowerMag) refers to fmul.o(.text) for __aeabi_fmul
    main.o(i.GetPowerMag) refers to fadd.o(.text) for __aeabi_fadd
    main.o(i.GetPowerMag) refers to f2d.o(.text) for __aeabi_f2d
    main.o(i.GetPowerMag) refers to sqrt.o(i.sqrt) for sqrt
    main.o(i.GetPowerMag) refers to dscalb.o(.text) for __ARM_scalbn
    main.o(i.GetPowerMag) refers to d2f.o(.text) for __aeabi_d2f
    main.o(i.GetPowerMag) refers to ffixui.o(.text) for __aeabi_f2uiz
    main.o(i.GetPowerMag) refers to main.o(.bss) for .bss
    main.o(i.HAL_ADC_ConvCpltCallback) refers to stm32f1xx_hal_adc.o(i.HAL_ADC_Stop_DMA) for HAL_ADC_Stop_DMA
    main.o(i.HAL_ADC_ConvCpltCallback) refers to cr4_fft_256_stm32.o(.text) for cr4_fft_256_stm32
    main.o(i.HAL_ADC_ConvCpltCallback) refers to main.o(i.GetPowerMag) for GetPowerMag
    main.o(i.HAL_ADC_ConvCpltCallback) refers to main.o(i.display3) for display3
    main.o(i.HAL_ADC_ConvCpltCallback) refers to main.o(i.display1) for display1
    main.o(i.HAL_ADC_ConvCpltCallback) refers to main.o(i.display2) for display2
    main.o(i.HAL_ADC_ConvCpltCallback) refers to main.o(i.display4) for display4
    main.o(i.HAL_ADC_ConvCpltCallback) refers to stm32f1xx_hal_adc.o(i.HAL_ADC_Start_DMA) for HAL_ADC_Start_DMA
    main.o(i.HAL_ADC_ConvCpltCallback) refers to adc.o(.bss) for hadc1
    main.o(i.HAL_ADC_ConvCpltCallback) refers to main.o(.bss) for .bss
    main.o(i.HAL_ADC_ConvCpltCallback) refers to main.o(.data) for .data
    main.o(i.Key_Scan) refers to stm32f1xx_hal_gpio.o(i.HAL_GPIO_ReadPin) for HAL_GPIO_ReadPin
    main.o(i.Key_Scan) refers to stm32f1xx_hal.o(i.HAL_Delay) for HAL_Delay
    main.o(i.Key_Scan) refers to font5_7.o(i.GUI_PutString) for GUI_PutString
    main.o(i.Key_Scan) refers to lcmdrv.o(i.GUI_Exec) for GUI_Exec
    main.o(i.Key_Scan) refers to main.o(.data) for .data
    main.o(i.SystemClock_Config) refers to stm32f1xx_hal_rcc.o(i.HAL_RCC_OscConfig) for HAL_RCC_OscConfig
    main.o(i.SystemClock_Config) refers to stm32f1xx_hal_rcc.o(i.HAL_RCC_ClockConfig) for HAL_RCC_ClockConfig
    main.o(i.SystemClock_Config) refers to stm32f1xx_hal_rcc_ex.o(i.HAL_RCCEx_PeriphCLKConfig) for HAL_RCCEx_PeriphCLKConfig
    main.o(i.SystemClock_Config) refers to stm32f1xx_hal_rcc.o(i.HAL_RCC_GetHCLKFreq) for HAL_RCC_GetHCLKFreq
    main.o(i.SystemClock_Config) refers to stm32f1xx_hal_cortex.o(i.HAL_SYSTICK_Config) for HAL_SYSTICK_Config
    main.o(i.SystemClock_Config) refers to stm32f1xx_hal_cortex.o(i.HAL_SYSTICK_CLKSourceConfig) for HAL_SYSTICK_CLKSourceConfig
    main.o(i.SystemClock_Config) refers to stm32f1xx_hal_cortex.o(i.HAL_NVIC_SetPriority) for HAL_NVIC_SetPriority
    main.o(i.display1) refers to gui_basic.o(i.GUI_LineWith) for GUI_LineWith
    main.o(i.display1) refers to lcmdrv.o(i.GUI_Exec) for GUI_Exec
    main.o(i.display1) refers to oled.o(.bss) for OLED_GRAM
    main.o(i.display1) refers to main.o(.bss) for .bss
    main.o(i.display1) refers to main.o(.data) for .data
    main.o(i.display2) refers to lcmdrv.o(i.GUI_RLine) for GUI_RLine
    main.o(i.display2) refers to lcmdrv.o(i.GUI_Exec) for GUI_Exec
    main.o(i.display2) refers to oled.o(.bss) for OLED_GRAM
    main.o(i.display2) refers to main.o(.bss) for .bss
    main.o(i.display2) refers to main.o(.data) for .data
    main.o(i.display3) refers to lcmdrv.o(i.GUI_RLine) for GUI_RLine
    main.o(i.display3) refers to lcmdrv.o(i.GUI_Exec) for GUI_Exec
    main.o(i.display3) refers to oled.o(.bss) for OLED_GRAM
    main.o(i.display3) refers to main.o(.bss) for .bss
    main.o(i.display3) refers to main.o(.data) for .data
    main.o(i.display4) refers to gui_basic.o(i.GUI_LineWith) for GUI_LineWith
    main.o(i.display4) refers to lcmdrv.o(i.GUI_Exec) for GUI_Exec
    main.o(i.display4) refers to oled.o(.bss) for OLED_GRAM
[...]
    Removing stm32f1xx_hal_uart.o(i.UART_DMARxHalfCplt), (10 bytes).
    Removing stm32f1xx_hal_uart.o(i.UART_DMATransmitCplt), (46 bytes).
    Removing stm32f1xx_hal_uart.o(i.UART_DMATxHalfCplt), (10 bytes).
    Removing stm32f1xx_hal_uart.o(i.UART_Receive_IT), (168 bytes).
    Removing stm32f1xx_hal_uart.o(i.UART_Transmit_IT), (102 bytes).
    Removing stm32f1xx_hal_rcc_ex.o(.rev16_text), (4 bytes).
    Removing stm32f1xx_hal_rcc_ex.o(.revsh_text), (4 bytes).
    Removing stm32f1xx_hal_rcc_ex.o(.rrx_text), (6 bytes).
    Removing stm32f1xx_hal_rcc_ex.o(i.HAL_RCCEx_GetPeriphCLKConfig), (44 bytes).
    Removing stm32f1xx_hal_rcc_ex.o(i.HAL_RCCEx_GetPeriphCLKFreq), (240 bytes).
    Removing stm32f1xx_hal_rcc.o(.rev16_text), (4 bytes).
    Removing stm32f1xx_hal_rcc.o(.revsh_text), (4 bytes).
    Removing stm32f1xx_hal_rcc.o(.rrx_text), (6 bytes).
    Removing stm32f1xx_hal_rcc.o(i.HAL_RCC_CSSCallback), (2 bytes).
    Removing stm32f1xx_hal_rcc.o(i.HAL_RCC_DeInit), (84 bytes).
    Removing stm32f1xx_hal_rcc.o(i.HAL_RCC_DisableCSS), (28 bytes).
    Removing stm32f1xx_hal_rcc.o(i.HAL_RCC_EnableCSS), (24 bytes).
    Removing stm32f1xx_hal_rcc.o(i.HAL_RCC_GetClockConfig), (64 bytes).
    Removing stm32f1xx_hal_rcc.o(i.HAL_RCC_GetOscConfig), (156 bytes).
    Removing stm32f1xx_hal_rcc.o(i.HAL_RCC_MCOConfig), (72 bytes).
    Removing stm32f1xx_hal_rcc.o(i.HAL_RCC_NMI_IRQHandler), (24 bytes).
    Removing stm32f1xx_hal_gpio_ex.o(.rev16_text), (4 bytes).
    Removing stm32f1xx_hal_gpio_ex.o(.revsh_text), (4 bytes).
    Removing stm32f1xx_hal_gpio_ex.o(.rrx_text), (6 bytes).
    Removing stm32f1xx_hal_gpio_ex.o(i.HAL_GPIOEx_ConfigEventout), (20 bytes).
    Removing stm32f1xx_hal_gpio_ex.o(i.HAL_GPIOEx_DisableEventout), (16 bytes).
    Removing stm32f1xx_hal_gpio_ex.o(i.HAL_GPIOEx_EnableEventout), (16 bytes).
    Removing stm32f1xx_hal.o(.rev16_text), (4 bytes).
    Removing stm32f1xx_hal.o(.revsh_text), (4 bytes).
    Removing stm32f1xx_hal.o(.rrx_text), (6 bytes).
    Removing stm32f1xx_hal.o(i.HAL_DBGMCU_DisableDBGSleepMode), (16 bytes).
    Removing stm32f1xx_hal.o(i.HAL_DBGMCU_DisableDBGStandbyMode), (16 bytes).
    Removing stm32f1xx_hal.o(i.HAL_DBGMCU_DisableDBGStopMode), (16 bytes).
    Removing stm32f1xx_hal.o(i.HAL_DBGMCU_EnableDBGSleepMode), (16 bytes).
    Removing stm32f1xx_hal.o(i.HAL_DBGMCU_EnableDBGStandbyMode), (16 bytes).
    Removing stm32f1xx_hal.o(i.HAL_DBGMCU_EnableDBGStopMode), (16 bytes).
    Removing stm32f1xx_hal.o(i.HAL_DeInit), (32 bytes).
    Removing stm32f1xx_hal.o(i.HAL_GetDEVID), (16 bytes).
    Removing stm32f1xx_hal.o(i.HAL_GetHalVersion), (8 bytes).
    Removing stm32f1xx_hal.o(i.HAL_GetREVID), (28 bytes).
    Removing stm32f1xx_hal.o(i.HAL_MspDeInit), (2 bytes).
    Removing stm32f1xx_hal.o(i.HAL_MspInit), (2 bytes).
    Removing stm32f1xx_hal.o(i.HAL_ResumeTick), (14 bytes).
    Removing stm32f1xx_hal.o(i.HAL_SuspendTick), (14 bytes).
    Removing stm32f1xx_hal_tim_ex.o(.rev16_text), (4 bytes).
    Removing stm32f1xx_hal_tim_ex.o(.revsh_text), (4 bytes).
    Removing stm32f1xx_hal_tim_ex.o(.rrx_text), (6 bytes).
    Removing stm32f1xx_hal_tim_ex.o(i.HAL_TIMEx_BreakCallback), (2 bytes).
    Removing stm32f1xx_hal_tim_ex.o(i.HAL_TIMEx_CommutationCallback), (2 bytes).
    Removing stm32f1xx_hal_tim_ex.o(i.HAL_TIMEx_ConfigBreakDeadTime), (66 bytes).
    Removing stm32f1xx_hal_tim_ex.o(i.HAL_TIMEx_ConfigCommutationEvent), (92 bytes).
    Removing stm32f1xx_hal_tim_ex.o(i.HAL_TIMEx_ConfigCommutationEvent_DMA), (124 bytes).
    Removing stm32f1xx_hal_tim_ex.o(i.HAL_TIMEx_ConfigCommutationEvent_IT), (102 bytes).
    Removing stm32f1xx_hal_tim_ex.o(i.HAL_TIMEx_HallSensor_DeInit), (56 bytes).
    Removing stm32f1xx_hal_tim_ex.o(i.HAL_TIMEx_HallSensor_GetState), (6 bytes).
    Removing stm32f1xx_hal_tim_ex.o(i.HAL_TIMEx_HallSensor_Init), (188 bytes).
    Removing stm32f1xx_hal_tim_ex.o(i.HAL_TIMEx_HallSensor_MspDeInit), (2 bytes).
    Removing stm32f1xx_hal_tim_ex.o(i.HAL_TIMEx_HallSensor_MspInit), (2 bytes).
    Removing stm32f1xx_hal_tim_ex.o(i.HAL_TIMEx_HallSensor_Start), (28 bytes).
    Removing stm32f1xx_hal_tim_ex.o(i.HAL_TIMEx_HallSensor_Start_DMA), (104 bytes).
    Removing stm32f1xx_hal_tim_ex.o(i.HAL_TIMEx_HallSensor_Start_IT), (38 bytes).
    Removing stm32f1xx_hal_tim_ex.o(i.HAL_TIMEx_HallSensor_Stop), (46 bytes).
    Removing stm32f1xx_hal_tim_ex.o(i.HAL_TIMEx_HallSensor_Stop_DMA), (56 bytes).
    Removing stm32f1xx_hal_tim_ex.o(i.HAL_TIMEx_HallSensor_Stop_IT), (56 bytes).
    Removing stm32f1xx_hal_tim_ex.o(i.HAL_TIMEx_OCN_Start), (36 bytes).
    Removing stm32f1xx_hal_tim_ex.o(i.HAL_TIMEx_OCN_Start_DMA), (220 bytes).
    Removing stm32f1xx_hal_tim_ex.o(i.HAL_TIMEx_OCN_Start_IT), (96 bytes).
    Removing stm32f1xx_hal_tim_ex.o(i.HAL_TIMEx_OCN_Stop), (68 bytes).
    Removing stm32f1xx_hal_tim_ex.o(i.HAL_TIMEx_OCN_Stop_DMA), (124 bytes).
    Removing stm32f1xx_hal_tim_ex.o(i.HAL_TIMEx_OCN_Stop_IT), (134 bytes).
    Removing stm32f1xx_hal_tim_ex.o(i.HAL_TIMEx_OnePulseN_Start), (26 bytes).
    Removing stm32f1xx_hal_tim_ex.o(i.HAL_TIMEx_OnePulseN_Start_IT), (46 bytes).
    Removing stm32f1xx_hal_tim_ex.o(i.HAL_TIMEx_OnePulseN_Stop), (68 bytes).
    Removing stm32f1xx_hal_tim_ex.o(i.HAL_TIMEx_OnePulseN_Stop_IT), (88 bytes).
    Removing stm32f1xx_hal_tim_ex.o(i.HAL_TIMEx_PWMN_Start), (36 bytes).
    Removing stm32f1xx_hal_tim_ex.o(i.HAL_TIMEx_PWMN_Start_DMA), (220 bytes).
    Removing stm32f1xx_hal_tim_ex.o(i.HAL_TIMEx_PWMN_Start_IT), (96 bytes).
    Removing stm32f1xx_hal_tim_ex.o(i.HAL_TIMEx_PWMN_Stop), (68 bytes).
    Removing stm32f1xx_hal_tim_ex.o(i.HAL_TIMEx_PWMN_Stop_DMA), (124 bytes).
    Removing stm32f1xx_hal_tim_ex.o(i.HAL_TIMEx_PWMN_Stop_IT), (134 bytes).
    Removing stm32f1xx_hal_tim_ex.o(i.TIMEx_DMACommutationCplt), (16 bytes).
    Removing stm32f1xx_hal_tim_ex.o(i.TIM_CCxNChannelCmd), (22 bytes).
    Removing stm32f1xx_hal_tim.o(.rev16_text), (4 bytes).
    Removing stm32f1xx_hal_tim.o(.revsh_text), (4 bytes).
    Removing stm32f1xx_hal_tim.o(.rrx_text), (6 bytes).
    Removing stm32f1xx_hal_tim.o(i.HAL_TIM_Base_DeInit), (56 bytes).
    Removing stm32f1xx_hal_tim.o(i.HAL_TIM_Base_GetState), (6 bytes).
    Removing stm32f1xx_hal_tim.o(i.HAL_TIM_Base_MspDeInit), (2 bytes).
    Removing stm32f1xx_hal_tim.o(i.HAL_TIM_Base_MspInit), (2 bytes).
    Removing stm32f1xx_hal_tim.o(i.HAL_TIM_Base_Start_DMA), (92 bytes).
    Removing stm32f1xx_hal_tim.o(i.HAL_TIM_Base_Start_IT), (24 bytes).
    Removing stm32f1xx_hal_tim.o(i.HAL_TIM_Base_Stop), (44 bytes).
    Removing stm32f1xx_hal_tim.o(i.HAL_TIM_Base_Stop_DMA), (48 bytes).
    Removing stm32f1xx_hal_tim.o(i.HAL_TIM_Base_Stop_IT), (42 bytes).
    Removing stm32f1xx_hal_tim.o(i.HAL_TIM_ConfigOCrefClear), (194 bytes).
    Removing stm32f1xx_hal_tim.o(i.HAL_TIM_ConfigTI1Input), (16 bytes).
    Removing stm32f1xx_hal_tim.o(i.HAL_TIM_DMABurst_ReadStart), (260 bytes).
    Removing stm32f1xx_hal_tim.o(i.HAL_TIM_DMABurst_ReadStop), (96 bytes).
    Removing stm32f1xx_hal_tim.o(i.HAL_TIM_DMABurst_WriteStart), (260 bytes).
    Removing stm32f1xx_hal_tim.o(i.HAL_TIM_DMABurst_WriteStop), (96 bytes).
    Removing stm32f1xx_hal_tim.o(i.HAL_TIM_Encoder_DeInit), (56 bytes).
    Removing stm32f1xx_hal_tim.o(i.HAL_TIM_Encoder_GetState), (6 bytes).
    Removing stm32f1xx_hal_tim.o(i.HAL_TIM_Encoder_Init), (150 bytes).
    Removing stm32f1xx_hal_tim.o(i.HAL_TIM_Encoder_MspDeInit), (2 bytes).
    Removing stm32f1xx_hal_tim.o(i.HAL_TIM_Encoder_MspInit), (2 bytes).
    Removing stm32f1xx_hal_tim.o(i.HAL_TIM_Encoder_Start), (52 bytes).
    Removing stm32f1xx_hal_tim.o(i.HAL_TIM_Encoder_Start_DMA), (272 bytes).
    Removing stm32f1xx_hal_tim.o(i.HAL_TIM_Encoder_Start_IT), (92 bytes).
    Removing stm32f1xx_hal_tim.o(i.HAL_TIM_Encoder_Stop), (70 bytes).
    Removing stm32f1xx_hal_tim.o(i.HAL_TIM_Encoder_Stop_DMA), (116 bytes).
    Removing stm32f1xx_hal_tim.o(i.HAL_TIM_Encoder_Stop_IT), (116 bytes).
    Removing stm32f1xx_hal_tim.o(i.HAL_TIM_ErrorCallback), (2 bytes).
    Removing stm32f1xx_hal_tim.o(i.HAL_TIM_GenerateEvent), (38 bytes).
    Removing stm32f1xx_hal_tim.o(i.HAL_TIM_IC_CaptureCallback), (2 bytes).
    Removing stm32f1xx_hal_tim.o(i.HAL_TIM_IC_ConfigChannel), (286 bytes).
    Removing stm32f1xx_hal_tim.o(i.HAL_TIM_IC_DeInit), (56 bytes).
    Removing stm32f1xx_hal_tim.o(i.HAL_TIM_IC_GetState), (6 bytes).
    Removing stm32f1xx_hal_tim.o(i.HAL_TIM_IC_Init), (54 bytes).
    Removing stm32f1xx_hal_tim.o(i.HAL_TIM_IC_MspDeInit), (2 bytes).
    Removing stm32f1xx_hal_tim.o(i.HAL_TIM_IC_MspInit), (2 bytes).
    Removing stm32f1xx_hal_tim.o(i.HAL_TIM_IC_Start), (26 bytes).
    Removing stm32f1xx_hal_tim.o(i.HAL_TIM_IC_Start_DMA), (200 bytes).
    Removing stm32f1xx_hal_tim.o(i.HAL_TIM_IC_Start_IT), (76 bytes).
    Removing stm32f1xx_hal_tim.o(i.HAL_TIM_IC_Stop), (44 bytes).
    Removing stm32f1xx_hal_tim.o(i.HAL_TIM_IC_Stop_DMA), (100 bytes).
    Removing stm32f1xx_hal_tim.o(i.HAL_TIM_IC_Stop_IT), (94 bytes).
    Removing stm32f1xx_hal_tim.o(i.HAL_TIM_IRQHandler), (358 bytes).
    Removing stm32f1xx_hal_tim.o(i.HAL_TIM_OC_ConfigChannel), (86 bytes).
    Removing stm32f1xx_hal_tim.o(i.HAL_TIM_OC_DeInit), (56 bytes).
    Removing stm32f1xx_hal_tim.o(i.HAL_TIM_OC_DelayElapsedCallback), (2 bytes).
    Removing stm32f1xx_hal_tim.o(i.HAL_TIM_OC_GetState), (6 bytes).
    Removing stm32f1xx_hal_tim.o(i.HAL_TIM_OC_Init), (54 bytes).
    Removing stm32f1xx_hal_tim.o(i.HAL_TIM_OC_MspDeInit), (2 bytes).
    Removing stm32f1xx_hal_tim.o(i.HAL_TIM_OC_MspInit), (2 bytes).
    Removing stm32f1xx_hal_tim.o(i.HAL_TIM_OC_Start), (48 bytes).
    Removing stm32f1xx_hal_tim.o(i.HAL_TIM_OC_Start_DMA), (228 bytes).
    Removing stm32f1xx_hal_tim.o(i.HAL_TIM_OC_Start_IT), (96 bytes).
    Removing stm32f1xx_hal_tim.o(i.HAL_TIM_OC_Stop), (76 bytes).
    Removing stm32f1xx_hal_tim.o(i.HAL_TIM_OC_Stop_DMA), (132 bytes).
    Removing stm32f1xx_hal_tim.o(i.HAL_TIM_OC_Stop_IT), (128 bytes).
    Removing stm32f1xx_hal_tim.o(i.HAL_TIM_OnePulse_ConfigChannel), (218 bytes).
    Removing stm32f1xx_hal_tim.o(i.HAL_TIM_OnePulse_DeInit), (56 bytes).
    Removing stm32f1xx_hal_tim.o(i.HAL_TIM_OnePulse_GetState), (6 bytes).
    Removing stm32f1xx_hal_tim.o(i.HAL_TIM_OnePulse_Init), (74 bytes).
    Removing stm32f1xx_hal_tim.o(i.HAL_TIM_OnePulse_MspDeInit), (2 bytes).
    Removing stm32f1xx_hal_tim.o(i.HAL_TIM_OnePulse_MspInit), (2 bytes).
    Removing stm32f1xx_hal_tim.o(i.HAL_TIM_OnePulse_Start), (48 bytes).
    Removing stm32f1xx_hal_tim.o(i.HAL_TIM_OnePulse_Start_IT), (68 bytes).
    Removing stm32f1xx_hal_tim.o(i.HAL_TIM_OnePulse_Stop), (88 bytes).
    Removing stm32f1xx_hal_tim.o(i.HAL_TIM_OnePulse_Stop_IT), (108 bytes).
    Removing stm32f1xx_hal_tim.o(i.HAL_TIM_PWM_ConfigChannel), (208 bytes).
    Removing stm32f1xx_hal_tim.o(i.HAL_TIM_PWM_DeInit), (56 bytes).
    Removing stm32f1xx_hal_tim.o(i.HAL_TIM_PWM_GetState), (6 bytes).
    Removing stm32f1xx_hal_tim.o(i.HAL_TIM_PWM_Init), (54 bytes).
    Removing stm32f1xx_hal_tim.o(i.HAL_TIM_PWM_MspDeInit), (2 bytes).
    Removing stm32f1xx_hal_tim.o(i.HAL_TIM_PWM_MspInit), (2 bytes).
    Removing stm32f1xx_hal_tim.o(i.HAL_TIM_PWM_PulseFinishedCallback), (2 bytes).
    Removing stm32f1xx_hal_tim.o(i.HAL_TIM_PWM_Start), (48 bytes).
    Removing stm32f1xx_hal_tim.o(i.HAL_TIM_PWM_Start_DMA), (228 bytes).
    Removing stm32f1xx_hal_tim.o(i.HAL_TIM_PWM_Start_IT), (96 bytes).
    Removing stm32f1xx_hal_tim.o(i.HAL_TIM_PWM_Stop), (84 bytes).
    Removing stm32f1xx_hal_tim.o(i.HAL_TIM_PWM_Stop_DMA), (132 bytes).
    Removing stm32f1xx_hal_tim.o(i.HAL_TIM_PWM_Stop_IT), (128 bytes).
    Removing stm32f1xx_hal_tim.o(i.HAL_TIM_PeriodElapsedCallback), (2 bytes).
    Removing stm32f1xx_hal_tim.o(i.HAL_TIM_ReadCapturedValue), (68 bytes).
    Removing stm32f1xx_hal_tim.o(i.HAL_TIM_SlaveConfigSynchronization), (66 bytes).
    Removing stm32f1xx_hal_tim.o(i.HAL_TIM_SlaveConfigSynchronization_IT), (66 bytes).
    Removing stm32f1xx_hal_tim.o(i.HAL_TIM_TriggerCallback), (2 bytes).
    Removing stm32f1xx_hal_tim.o(i.TIM_CCxChannelCmd), (22 bytes).
    Removing stm32f1xx_hal_tim.o(i.TIM_DMACaptureCplt), (62 bytes).
    Removing stm32f1xx_hal_tim.o(i.TIM_DMADelayPulseCplt), (62 bytes).
    Removing stm32f1xx_hal_tim.o(i.TIM_DMAError), (16 bytes).
    Removing stm32f1xx_hal_tim.o(i.TIM_DMAPeriodElapsedCplt), (16 bytes).
    Removing stm32f1xx_hal_tim.o(i.TIM_DMATriggerCplt), (16 bytes).
    Removing stm32f1xx_hal_tim.o(i.TIM_OC1_SetConfig), (80 bytes).
    Removing stm32f1xx_hal_tim.o(i.TIM_OC2_SetConfig), (88 bytes).
    Removing stm32f1xx_hal_tim.o(i.TIM_OC3_SetConfig), (88 bytes).
    Removing stm32f1xx_hal_tim.o(i.TIM_OC4_SetConfig), (68 bytes).
    Removing stm32f1xx_hal_tim.o(i.TIM_SlaveTimer_SetConfig), (124 bytes).
    Removing stm32f1xx_hal_tim.o(i.TIM_TI1_SetConfig), (88 bytes).
    Removing stm32f1xx_hal_tim.o(i.TIM_TI2_SetConfig), (54 bytes).
    Removing stm32f1xx_hal_adc.o(.rev16_text), (4 bytes).
    Removing stm32f1xx_hal_adc.o(.revsh_text), (4 bytes).
    Removing stm32f1xx_hal_adc.o(.rrx_text), (6 bytes).
    Removing stm32f1xx_hal_adc.o(i.HAL_ADC_AnalogWDGConfig), (88 bytes).
    Removing stm32f1xx_hal_adc.o(i.HAL_ADC_ConvCpltCallback), (2 bytes).
    Removing stm32f1xx_hal_adc.o(i.HAL_ADC_DeInit), (228 bytes).
    Removing stm32f1xx_hal_adc.o(i.HAL_ADC_GetError), (4 bytes).
    Removing stm32f1xx_hal_adc.o(i.HAL_ADC_GetState), (4 bytes).
    Removing stm32f1xx_hal_adc.o(i.HAL_ADC_GetValue), (6 bytes).
    Removing stm32f1xx_hal_adc.o(i.HAL_ADC_IRQHandler), (230 bytes).
    Removing stm32f1xx_hal_adc.o(i.HAL_ADC_LevelOutOfWindowCallback), (2 bytes).
    Removing stm32f1xx_hal_adc.o(i.HAL_ADC_MspDeInit), (2 bytes).
    Removing stm32f1xx_hal_adc.o(i.HAL_ADC_MspInit), (2 bytes).
    Removing stm32f1xx_hal_adc.o(i.HAL_ADC_PollForConversion), (304 bytes).
    Removing stm32f1xx_hal_adc.o(i.HAL_ADC_PollForEvent), (84 bytes).
    Removing stm32f1xx_hal_adc.o(i.HAL_ADC_Start), (192 bytes).
    Removing stm32f1xx_hal_adc.o(i.HAL_ADC_Start_IT), (204 bytes).
    Removing stm32f1xx_hal_adc.o(i.HAL_ADC_Stop), (52 bytes).
    Removing stm32f1xx_hal_adc.o(i.HAL_ADC_Stop_IT), (62 bytes).
    Removing stm32f1xx_hal_adc_ex.o(.rev16_text), (4 bytes).
    Removing stm32f1xx_hal_adc_ex.o(.revsh_text), (4 bytes).
    Removing stm32f1xx_hal_adc_ex.o(.rrx_text), (6 bytes).
    Removing stm32f1xx_hal_adc_ex.o(i.HAL_ADCEx_Calibration_Start), (200 bytes).
    Removing stm32f1xx_hal_adc_ex.o(i.HAL_ADCEx_InjectedConfigChannel), (568 bytes).
    Removing stm32f1xx_hal_adc_ex.o(i.HAL_ADCEx_InjectedConvCpltCallback), (2 bytes).
    Removing stm32f1xx_hal_adc_ex.o(i.HAL_ADCEx_InjectedGetValue), (30 bytes).
    Removing stm32f1xx_hal_adc_ex.o(i.HAL_ADCEx_InjectedPollForConversion), (292 bytes).
    Removing stm32f1xx_hal_adc_ex.o(i.HAL_ADCEx_InjectedStart), (168 bytes).
    Removing stm32f1xx_hal_adc_ex.o(i.HAL_ADCEx_InjectedStart_IT), (180 bytes).
    Removing stm32f1xx_hal_adc_ex.o(i.HAL_ADCEx_InjectedStop), (78 bytes).
    Removing stm32f1xx_hal_adc_ex.o(i.HAL_ADCEx_InjectedStop_IT), (88 bytes).
    Removing stm32f1xx_hal_adc_ex.o(i.HAL_ADCEx_MultiModeConfigChannel), (100 bytes).
    Removing stm32f1xx_hal_adc_ex.o(i.HAL_ADCEx_MultiModeGetValue), (32 bytes).
    Removing stm32f1xx_hal_adc_ex.o(i.HAL_ADCEx_MultiModeStart_DMA), (232 bytes).
    Removing stm32f1xx_hal_adc_ex.o(i.HAL_ADCEx_MultiModeStop_DMA), (124 bytes).
    Removing startup_stm32f103xb.o(HEAP), (512 bytes).
    Removing font5_7.o(i.GUI_PutNoStr), (48 bytes).
    Removing font8_8.o(i.GUI_PutChar8_8), (132 bytes).
    Removing font8_8.o(i.GUI_PutNoStr8_8), (48 bytes).
    Removing font8_8.o(i.GUI_PutString8_8), (34 bytes).
    Removing font8_8.o(.constdata), (768 bytes).
    Removing font24_32.o(i.GUI_PutChar24_32), (156 bytes).
    Removing font24_32.o(.constdata), (1456 bytes).
    Removing gui_basic.o(i.GUI_Arc), (1078 bytes).
    Removing gui_basic.o(i.GUI_Arc4), (504 bytes).
    Removing gui_basic.o(i.GUI_Circle), (450 bytes).
    Removing gui_basic.o(i.GUI_CircleFill), (640 bytes).
    Removing gui_basic.o(i.GUI_CmpPointColor), (26 bytes).
    Removing gui_basic.o(i.GUI_Ellipse), (480 bytes).
    Removing gui_basic.o(i.GUI_EllipseFill), (548 bytes).
    Removing gui_basic.o(i.GUI_FloodFill), (738 bytes).
    Removing gui_basic.o(i.GUI_Line), (200 bytes).
    Removing gui_basic.o(i.GUI_LineS), (70 bytes).
    Removing gui_basic.o(i.GUI_Pieslice), (1208 bytes).
    Removing gui_basic.o(i.GUI_ReadLeftPoint), (74 bytes).
    Removing gui_basic.o(i.GUI_ReadRightPoint), (48 bytes).
    Removing gui_basic.o(i.GUI_Rectangle), (68 bytes).
    Removing gui_basic.o(i.GUI_RectangleFill), (94 bytes).
    Removing gui_basic.o(i.GUI_Square), (30 bytes).
    Removing gui_stockc.o(i.GUI_ExchangeColor), (16 bytes).
    Removing gui_stockc.o(i.GUI_GetBackColor), (12 bytes).
    Removing gui_stockc.o(i.GUI_GetDispColor), (12 bytes).
    Removing lcmdrv.o(.rev16_text), (4 bytes).
    Removing lcmdrv.o(.revsh_text), (4 bytes).
    Removing lcmdrv.o(.rrx_text), (6 bytes).
    Removing lcmdrv.o(i.GUI_ClearSCR), (4 bytes).
    Removing lcmdrv.o(i.GUI_FillSCR), (20 bytes).
    Removing lcmdrv.o(i.GUI_ReadPoint), (4 bytes).
    Removing loadbit.o(i.GUI_LoadPic1), (62 bytes).
    Removing loadbit.o(i.GUI_PutHZ), (56 bytes).
    Removing menu.o(i.GUI_Button49x14), (14 bytes).
    Removing menu.o(i.GUI_Button_Cancle), (20 bytes).
    Removing menu.o(i.GUI_Button_Cancle1), (20 bytes).
    Removing menu.o(i.GUI_Button_OK), (20 bytes).
    Removing menu.o(i.GUI_Button_OK1), (20 bytes).
    Removing menu.o(i.GUI_MMenuDraw), (144 bytes).
    Removing menu.o(i.GUI_MMenuNSelect), (64 bytes).
    Removing menu.o(i.GUI_MMenuSelect), (64 bytes).
    Removing menu.o(i.GUI_MenuIcoDraw), (108 bytes).
    Removing menu.o(i.GUI_SMenuDraw), (368 bytes).
    Removing menu.o(i.GUI_SMenuHide), (156 bytes).
    Removing menu.o(i.GUI_SMenuSelect), (200 bytes).
    Removing menu.o(.constdata), (392 bytes).
    Removing spline.o(i.CURVE_GetCount), (12 bytes).
    Removing spline.o(i.CURVE_GetCurve), (304 bytes).
    Removing spline.o(i.CURVE_SetCurve), (80 bytes).
    Removing spline.o(i.GUI_Spline), (64 bytes).
    Removing spline.o(i.SPLINE_Generate), (544 bytes).
    Removing spline.o(i.SPLINE_GetCurve), (88 bytes).
    Removing spline.o(i.SPLINE_GetCurveCount), (72 bytes).
    Removing spline.o(i.SPLINE_MatrixSolve), (294 bytes).
    Removing spline.o(i.SPLINE_SetSpline), (56 bytes).
    Removing spline.o(i.abs), (8 bytes).
    Removing spline.o(i.max), (8 bytes).
    Removing windows.o(i.GUI_WindowsClr), (64 bytes).
    Removing windows.o(i.GUI_WindowsDraw), (320 bytes).
    Removing windows.o(i.GUI_WindowsHide), (60 bytes).
    Removing fdiv.o(.text), (124 bytes).
    Removing dadd.o(.text), (334 bytes).
    Removing dmul.o(.text), (228 bytes).
    Removing ddiv.o(.text), (222 bytes).
    Removing ffltui.o(.text), (10 bytes).
    Removing dflti.o(.text), (34 bytes).
    Removing dfltui.o(.text), (26 bytes).
    Removing ffixi.o(.text), (50 bytes).
    Removing dfixi.o(.text), (62 bytes).
    Removing dfixul.o(.text), (48 bytes).
    Removing cdcmple.o(.text), (48 bytes).
    Removing cdrcmple.o(.text), (48 bytes).

449 unused section(s) (total 47780 bytes) removed from the image.

==============================================================================

Image Symbol Table

    Local Symbols

    Symbol Name                              Value     Ov Type        Size  Object(Section)

    ../Drivers/STM32F1xx_HAL_Driver/Src/stm32f1xx_hal.c 0x00000000   Number         0  stm32f1xx_hal.o ABSOLUTE
    ../Drivers/STM32F1xx_HAL_Driver/Src/stm32f1xx_hal_adc.c 0x00000000   Number         0  stm32f1xx_hal_adc.o ABSOLUTE
    ../Drivers/STM32F1xx_HAL_Driver/Src/stm32f1xx_hal_adc_ex.c 0x00000000   Number         0  stm32f1xx_hal_adc_ex.o ABSOLUTE
    ../Drivers/STM32F1xx_HAL_Driver/Src/stm32f1xx_hal_cortex.c 0x00000000   Number         0  stm32f1xx_hal_cortex.o ABSOLUTE
    ../Drivers/STM32F1xx_HAL_Driver/Src/stm32f1xx_hal_dma.c 0x00000000   Number         0  stm32f1xx_hal_dma.o ABSOLUTE
    ../Drivers/STM32F1xx_HAL_Driver/Src/stm32f1xx_hal_flash.c 0x00000000   Number         0  stm32f1xx_hal_flash.o ABSOLUTE
    ../Drivers/STM32F1xx_HAL_Driver/Src/stm32f1xx_hal_flash_ex.c 0x00000000   Number         0  stm32f1xx_hal_flash_ex.o ABSOLUTE
    ../Drivers/STM32F1xx_HAL_Driver/Src/stm32f1xx_hal_gpio.c 0x00000000   Number         0  stm32f1xx_hal_gpio.o ABSOLUTE
    ../Drivers/STM32F1xx_HAL_Driver/Src/stm32f1xx_hal_gpio_ex.c 0x00000000   Number         0  stm32f1xx_hal_gpio_ex.o ABSOLUTE
    ../Drivers/STM32F1xx_HAL_Driver/Src/stm32f1xx_hal_pwr.c 0x00000000   Number         0  stm32f1xx_hal_pwr.o ABSOLUTE
    ../Drivers/STM32F1xx_HAL_Driver/Src/stm32f1xx_hal_rcc.c 0x00000000   Number         0  stm32f1xx_hal_rcc.o ABSOLUTE
    ../Drivers/STM32F1xx_HAL_Driver/Src/stm32f1xx_hal_rcc_ex.c 0x00000000   Number         0  stm32f1xx_hal_rcc_ex.o ABSOLUTE
    ../Drivers/STM32F1xx_HAL_Driver/Src/stm32f1xx_hal_tim.c 0x00000000   Number         0  stm32f1xx_hal_tim.o ABSOLUTE
    ../Drivers/STM32F1xx_HAL_Driver/Src/stm32f1xx_hal_tim_ex.c 0x00000000   Number         0  stm32f1xx_hal_tim_ex.o ABSOLUTE
    ../Drivers/STM32F1xx_HAL_Driver/Src/stm32f1xx_hal_uart.c 0x00000000   Number         0  stm32f1xx_hal_uart.o ABSOLUTE
    ../Src/adc.c                             0x00000000   Number         0  adc.o ABSOLUTE
    ../Src/dma.c                             0x00000000   Number         0  dma.o ABSOLUTE
    ../Src/gpio.c                            0x00000000   Number         0  gpio.o ABSOLUTE
    ../Src/main.c                            0x00000000   Number         0  main.o ABSOLUTE
    ../Src/stm32f1xx_hal_msp.c               0x00000000   Number         0  stm32f1xx_hal_msp.o ABSOLUTE
    ../Src/stm32f1xx_it.c                    0x00000000   Number         0  stm32f1xx_it.o ABSOLUTE
    ../Src/system_stm32f1xx.c                0x00000000   Number         0  system_stm32f1xx.o ABSOLUTE
    ../Src/tim.c                             0x00000000   Number         0  tim.o ABSOLUTE
    ../Src/usart.c                           0x00000000   Number         0  usart.o ABSOLUTE
    ../clib/microlib/division.c              0x00000000   Number         0  uldiv.o ABSOLUTE
    ../clib/microlib/division.c              0x00000000   Number         0  uidiv.o ABSOLUTE
    ../clib/microlib/errno.c                 0x00000000   Number         0  errno.o ABSOLUTE
    ../clib/microlib/init/entry.s            0x00000000   Number         0  entry8b.o ABSOLUTE
    ../clib/microlib/init/entry.s            0x00000000   Number         0  entry9b.o ABSOLUTE
    ../clib/microlib/init/entry.s            0x00000000   Number         0  entry5.o ABSOLUTE
    ../clib/microlib/init/entry.s            0x00000000   Number         0  entry10a.o ABSOLUTE
    ../clib/microlib/init/entry.s            0x00000000   Number         0  entry.o ABSOLUTE
    ../clib/microlib/init/entry.s            0x00000000   Number         0  entry10b.o ABSOLUTE
    ../clib/microlib/init/entry.s            0x00000000   Number         0  entry11a.o ABSOLUTE
    ../clib/microlib/init/entry.s            0x00000000   Number         0  entry11b.o ABSOLUTE
    ../clib/microlib/init/entry.s            0x00000000   Number         0  entry7a.o ABSOLUTE
    ../clib/microlib/init/entry.s            0x00000000   Number         0  entry7b.o ABSOLUTE
    ../clib/microlib/init/entry.s            0x00000000   Number         0  entry8a.o ABSOLUTE
    ../clib/microlib/init/entry.s            0x00000000   Number         0  entry2.o ABSOLUTE
    ../clib/microlib/init/entry.s            0x00000000   Number         0  entry9a.o ABSOLUTE
    ../clib/microlib/longlong.c              0x00000000   Number         0  llushr.o ABSOLUTE
    ../clib/microlib/longlong.c              0x00000000   Number         0  llsshr.o ABSOLUTE
    ../clib/microlib/longlong.c              0x00000000   Number         0  llshl.o ABSOLUTE
    ../clib/microlib/printf/printf.c         0x00000000   Number         0  printf5.o ABSOLUTE
    ../clib/microlib/printf/printf.c         0x00000000   Number         0  printf4.o ABSOLUTE
    ../clib/microlib/printf/printf.c         0x00000000   Number         0  printf3.o ABSOLUTE
    ../clib/microlib/printf/printf.c         0x00000000   Number         0  printf2.o ABSOLUTE
    ../clib/microlib/printf/printf.c         0x00000000   Number         0  printf1.o ABSOLUTE
    ../clib/microlib/printf/printf.c         0x00000000   Number         0  printf0.o ABSOLUTE
    ../clib/microlib/printf/printf.c         0x00000000   Number         0  printfb.o ABSOLUTE
    ../clib/microlib/printf/printf.c         0x00000000   Number         0  printfa.o ABSOLUTE
    ../clib/microlib/printf/printf.c         0x00000000   Number         0  printf8.o ABSOLUTE
    ../clib/microlib/printf/printf.c         0x00000000   Number         0  printf7.o ABSOLUTE
    ../clib/microlib/printf/printf.c         0x00000000   Number         0  printf6.o ABSOLUTE
    ../clib/microlib/stdio/streams.c         0x00000000   Number         0  stdout.o ABSOLUTE
    ../clib/microlib/stubs.s                 0x00000000   Number         0  iusefp.o ABSOLUTE
    ../fplib/microlib/d2f.c                  0x00000000   Number         0  d2f.o ABSOLUTE
    ../fplib/microlib/f2d.c                  0x00000000   Number         0  f2d.o ABSOLUTE
    ../fplib/microlib/fpadd.c                0x00000000   Number         0  dadd.o ABSOLUTE
    ../fplib/microlib/fpadd.c                0x00000000   Number         0  fadd.o ABSOLUTE
    ../fplib/microlib/fpdiv.c                0x00000000   Number         0  fdiv.o ABSOLUTE
    ../fplib/microlib/fpdiv.c                0x00000000   Number         0  ddiv.o ABSOLUTE
    ../fplib/microlib/fpepilogue.c           0x00000000   Number         0  depilogue.o ABSOLUTE
    ../fplib/microlib/fpepilogue.c           0x00000000   Number         0  fepilogue.o ABSOLUTE
    ../fplib/microlib/fpfix.c                0x00000000   Number         0  dfixi.o ABSOLUTE
    ../fplib/microlib/fpfix.c                0x00000000   Number         0  dfixul.o ABSOLUTE
    ../fplib/microlib/fpfix.c                0x00000000   Number         0  ffixi.o ABSOLUTE
    ../fplib/microlib/fpfix.c                0x00000000   Number         0  ffixui.o ABSOLUTE
    ../fplib/microlib/fpflt.c                0x00000000   Number         0  ffltui.o ABSOLUTE
    ../fplib/microlib/fpflt.c                0x00000000   Number         0  dflti.o ABSOLUTE
    ../fplib/microlib/fpflt.c                0x00000000   Number         0  dfltui.o ABSOLUTE
    ../fplib/microlib/fpflt.c                0x00000000   Number         0  fflti.o ABSOLUTE
    ../fplib/microlib/fpmul.c                0x00000000   Number         0  dmul.o ABSOLUTE
    ../fplib/microlib/fpmul.c                0x00000000   Number         0  fmul.o ABSOLUTE
    ../fplib/microlib/fpscalb.c              0x00000000   Number         0  dscalb.o ABSOLUTE
    ../fplib/microlib/fpscalb.c              0x00000000   Number         0  fscalb.o ABSOLUTE
    ../fplib/microlib/fpsqrt.c               0x00000000   Number         0  dsqrt.o ABSOLUTE
    ../mathlib/cos_i.c                       0x00000000   Number         0  cos_i.o ABSOLUTE
    ../mathlib/dunder.c                      0x00000000   Number         0  dunder.o ABSOLUTE
    ../mathlib/fpclassify.c                  0x00000000   Number         0  fpclassify.o ABSOLUTE
    ../mathlib/poly.c                        0x00000000   Number         0  poly.o ABSOLUTE
    ../mathlib/rred.c                        0x00000000   Number         0  rred.o ABSOLUTE
    ../mathlib/sin.c                         0x00000000   Number         0  sin.o ABSOLUTE
    ../mathlib/sin.c                         0x00000000   Number         0  sin_x.o ABSOLUTE
    ../mathlib/sin_i.c                       0x00000000   Number         0  sin_i_x.o ABSOLUTE
    ../mathlib/sin_i.c                       0x00000000   Number         0  sin_i.o ABSOLUTE
    ../mathlib/sqrt.c                        0x00000000   Number         0  sqrt_x.o ABSOLUTE
    ../mathlib/sqrt.c                        0x00000000   Number         0  sqrt.o ABSOLUTE
    ..\Drivers\STM32F1xx_HAL_Driver\Src\stm32f1xx_hal.c 0x00000000   Number         0  stm32f1xx_hal.o ABSOLUTE
    ..\Drivers\STM32F1xx_HAL_Driver\Src\stm32f1xx_hal_adc.c 0x00000000   Number         0  stm32f1xx_hal_adc.o ABSOLUTE
    ..\Drivers\STM32F1xx_HAL_Driver\Src\stm32f1xx_hal_adc_ex.c 0x00000000   Number         0  stm32f1xx_hal_adc_ex.o ABSOLUTE
    ..\Drivers\STM32F1xx_HAL_Driver\Src\stm32f1xx_hal_cortex.c 0x00000000   Number         0  stm32f1xx_hal_cortex.o ABSOLUTE
    ..\Drivers\STM32F1xx_HAL_Driver\Src\stm32f1xx_hal_dma.c 0x00000000   Number         0  stm32f1xx_hal_dma.o ABSOLUTE
    ..\Drivers\STM32F1xx_HAL_Driver\Src\stm32f1xx_hal_flash.c 0x00000000   Number         0  stm32f1xx_hal_flash.o ABSOLUTE
    ..\Drivers\STM32F1xx_HAL_Driver\Src\stm32f1xx_hal_flash_ex.c 0x00000000   Number         0  stm32f1xx_hal_flash_ex.o ABSOLUTE
    ..\Drivers\STM32F1xx_HAL_Driver\Src\stm32f1xx_hal_gpio.c 0x00000000   Number         0  stm32f1xx_hal_gpio.o ABSOLUTE
    ..\Drivers\STM32F1xx_HAL_Driver\Src\stm32f1xx_hal_gpio_ex.c 0x00000000   Number         0  stm32f1xx_hal_gpio_ex.o ABSOLUTE
    ..\Drivers\STM32F1xx_HAL_Driver\Src\stm32f1xx_hal_pwr.c 0x00000000   Number         0  stm32f1xx_hal_pwr.o ABSOLUTE
    ..\Drivers\STM32F1xx_HAL_Driver\Src\stm32f1xx_hal_rcc.c 0x00000000   Number         0  stm32f1xx_hal_rcc.o ABSOLUTE
    ..\Drivers\STM32F1xx_HAL_Driver\Src\stm32f1xx_hal_rcc_ex.c 0x00000000   Number         0  stm32f1xx_hal_rcc_ex.o ABSOLUTE
    ..\Drivers\STM32F1xx_HAL_Driver\Src\stm32f1xx_hal_tim.c 0x00000000   Number         0  stm32f1xx_hal_tim.o ABSOLUTE
    ..\Drivers\STM32F1xx_HAL_Driver\Src\stm32f1xx_hal_tim_ex.c 0x00000000   Number         0  stm32f1xx_hal_tim_ex.o ABSOLUTE
    ..\Drivers\STM32F1xx_HAL_Driver\Src\stm32f1xx_hal_uart.c 0x00000000   Number         0  stm32f1xx_hal_uart.o ABSOLUTE
    ..\Src\adc.c                             0x00000000   Number         0  adc.o ABSOLUTE
    ..\Src\cr4_fft_1024_stm32.s              0x00000000   Number         0  cr4_fft_1024_stm32.o ABSOLUTE
    ..\Src\cr4_fft_256_stm32.s               0x00000000   Number         0  cr4_fft_256_stm32.o ABSOLUTE
    ..\Src\dma.c                             0x00000000   Number         0  dma.o ABSOLUTE
    ..\Src\gpio.c                            0x00000000   Number         0  gpio.o ABSOLUTE
    ..\Src\main.c                            0x00000000   Number         0  main.o ABSOLUTE
    ..\Src\oled.c                            0x00000000   Number         0  oled.o ABSOLUTE
    ..\Src\stm32f1xx_hal_msp.c               0x00000000   Number         0  stm32f1xx_hal_msp.o ABSOLUTE
    ..\Src\stm32f1xx_it.c                    0x00000000   Number         0  stm32f1xx_it.o ABSOLUTE
    ..\Src\system_stm32f1xx.c                0x00000000   Number         0  system_stm32f1xx.o ABSOLUTE
    ..\Src\tim.c                             0x00000000   Number         0  tim.o ABSOLUTE
    ..\Src\usart.c                           0x00000000   Number         0  usart.o ABSOLUTE
    ..\ZLG_GUI\ConvertColor.c                0x00000000   Number         0  convertcolor.o ABSOLUTE
    ..\ZLG_GUI\FONT24_32.C                   0x00000000   Number         0  font24_32.o ABSOLUTE
    ..\ZLG_GUI\FONT8_8.C                     0x00000000   Number         0  font8_8.o ABSOLUTE
    ..\ZLG_GUI\GUI_BASIC.C                   0x00000000   Number         0  gui_basic.o ABSOLUTE
    ..\ZLG_GUI\GUI_StockC.C                  0x00000000   Number         0  gui_stockc.o ABSOLUTE
    ..\ZLG_GUI\font5_7.c                     0x00000000   Number         0  font5_7.o ABSOLUTE
    ..\ZLG_GUI\lcmdrv.c                      0x00000000   Number         0  lcmdrv.o ABSOLUTE
    ..\ZLG_GUI\loadbit.c                     0x00000000   Number         0  loadbit.o ABSOLUTE
    ..\ZLG_GUI\menu.c                        0x00000000   Number         0  menu.o ABSOLUTE
    ..\ZLG_GUI\spline.c                      0x00000000   Number         0  spline.o ABSOLUTE
    ..\ZLG_GUI\windows.c                     0x00000000   Number         0  windows.o ABSOLUTE
    ..\\Src\\oled.c                          0x00000000   Number         0  oled.o ABSOLUTE
    ..\\ZLG_GUI\\lcmdrv.c                    0x00000000   Number         0  lcmdrv.o ABSOLUTE
    cdcmple.s                                0x00000000   Number         0  cdcmple.o ABSOLUTE
    cdrcmple.s                               0x00000000   Number         0  cdrcmple.o ABSOLUTE
    dc.s                                     0x00000000   Number         0  dc.o ABSOLUTE
    handlers.s                               0x00000000   Number         0  handlers.o ABSOLUTE
    init.s                                   0x00000000   Number         0  init.o ABSOLUTE
    startup_stm32f103xb.s                    0x00000000   Number         0  startup_stm32f103xb.o ABSOLUTE
    RESET                                    0x08000000   Section      236  startup_stm32f103xb.o(RESET)
    .ARM.Collect$$$$00000000                 0x080000ec   Section        0  entry.o(.ARM.Collect$$$$00000000)
    .ARM.Collect$$$$00000001                 0x080000ec   Section        4  entry2.o(.ARM.Collect$$$$00000001)
    .ARM.Collect$$$$00000004                 0x080000f0   Section        4  entry5.o(.ARM.Collect$$$$00000004)
    .ARM.Collect$$$$00000008                 0x080000f4   Section        0  entry7b.o(.ARM.Collect$$$$00000008)
    .ARM.Collect$$$$0000000A                 0x080000f4   Section        0  entry8b.o(.ARM.Collect$$$$0000000A)
    .ARM.Collect$$$$0000000B                 0x080000f4   Section        8  entry9a.o(.ARM.Collect$$$$0000000B)
    .ARM.Collect$$$$0000000D                 0x080000fc   Section        0  entry10a.o(.ARM.Collect$$$$0000000D)
    .ARM.Collect$$$$0000000F                 0x080000fc   Section        0  entry11a.o(.ARM.Collect$$$$0000000F)
    .ARM.Collect$$$$00002712                 0x080000fc   Section        4  entry2.o(.ARM.Collect$$$$00002712)
    __lit__00000000                          0x080000fc   Data           4  entry2.o(.ARM.Collect$$$$00002712)
    .text                                    0x08000100   Section     1502  cr4_fft_256_stm32.o(.text)
    .text                                    0x080006e0   Section       36  startup_stm32f103xb.o(.text)
    .text                                    0x08000704   Section        0  llushr.o(.text)
    .text                                    0x08000724   Section        0  fadd.o(.text)
    .text                                    0x080007d4   Section        0  fmul.o(.text)
    .text                                    0x08000838   Section        0  fscalb.o(.text)
    .text                                    0x08000850   Section        0  dscalb.o(.text)
    .text                                    0x0800087e   Section        0  fflti.o(.text)
    .text                                    0x08000890   Section        0  ffixui.o(.text)
    .text                                    0x080008b8   Section        0  f2d.o(.text)
    .text                                    0x080008de   Section        0  d2f.o(.text)
    .text                                    0x08000916   Section        0  llshl.o(.text)
    .text                                    0x08000934   Section        0  iusefp.o(.text)
    .text                                    0x08000934   Section        0  fepilogue.o(.text)
    .text                                    0x080009a2   Section        0  depilogue.o(.text)
    .text                                    0x08000a5c   Section        0  dsqrt.o(.text)
    .text                                    0x08000b00   Section       36  init.o(.text)
    i.ADC_ConversionStop_Disable             0x08000b24   Section        0  stm32f1xx_hal_adc.o(i.ADC_ConversionStop_Disable)
    i.ADC_DMAConvCplt                        0x08000b70   Section        0  stm32f1xx_hal_adc.o(i.ADC_DMAConvCplt)
    i.ADC_DMAError                           0x08000bbe   Section        0  stm32f1xx_hal_adc.o(i.ADC_DMAError)
    i.ADC_DMAHalfConvCplt                    0x08000bd8   Section        0  stm32f1xx_hal_adc.o(i.ADC_DMAHalfConvCplt)
    i.ADC_Enable                             0x08000be4   Section        0  stm32f1xx_hal_adc.o(i.ADC_Enable)
    i.BusFault_Handler                       0x08000c54   Section        0  stm32f1xx_it.o(i.BusFault_Handler)
    i.DMA1_Channel1_IRQHandler               0x08000c58   Section        0  stm32f1xx_it.o(i.DMA1_Channel1_IRQHandler)
    i.DMA_SetConfig                          0x08000c64   Section        0  stm32f1xx_hal_dma.o(i.DMA_SetConfig)
    DMA_SetConfig                            0x08000c65   Thumb Code    30  stm32f1xx_hal_dma.o(i.DMA_SetConfig)
    i.DebugMon_Handler                       0x08000c82   Section        0  stm32f1xx_it.o(i.DebugMon_Handler)
    i.Error_Handler                          0x08000c84   Section        0  main.o(i.Error_Handler)
    i.GPIO_Config                            0x08000c88   Section        0  oled.o(i.GPIO_Config)
    i.GUI_Exec                               0x08000cf0   Section        0  lcmdrv.o(i.GUI_Exec)
    i.GUI_HLine                              0x08000cf4   Section        0  lcmdrv.o(i.GUI_HLine)
    i.GUI_Initialize                         0x08000d20   Section        0  lcmdrv.o(i.GUI_Initialize)
    i.GUI_LineWith                           0x08000d24   Section        0  gui_basic.o(i.GUI_LineWith)
    i.GUI_LoadLine                           0x08000e6c   Section        0  loadbit.o(i.GUI_LoadLine)
    i.GUI_LoadPic                            0x08000ed8   Section        0  loadbit.o(i.GUI_LoadPic)
    i.GUI_Point                              0x08000f0e   Section        0  lcmdrv.o(i.GUI_Point)
    i.GUI_PutChar                            0x08000f14   Section        0  font5_7.o(i.GUI_PutChar)
    i.GUI_PutString                          0x08000f98   Section        0  font5_7.o(i.GUI_PutString)
    i.GUI_RLine                              0x08000fba   Section        0  lcmdrv.o(i.GUI_RLine)
    i.GUI_SetColor                           0x08000fe4   Section        0  gui_stockc.o(i.GUI_SetColor)
    i.GetPowerMag                            0x08000ff0   Section        0  main.o(i.GetPowerMag)
    i.HAL_ADC_ConfigChannel                  0x0800108c   Section        0  stm32f1xx_hal_adc.o(i.HAL_ADC_ConfigChannel)
    i.HAL_ADC_ConvCpltCallback               0x080011f4   Section        0  main.o(i.HAL_ADC_ConvCpltCallback)
    i.HAL_ADC_ConvHalfCpltCallback           0x080012a0   Section        0  stm32f1xx_hal_adc.o(i.HAL_ADC_ConvHalfCpltCallback)
    i.HAL_ADC_ErrorCallback                  0x080012a2   Section        0  stm32f1xx_hal_adc.o(i.HAL_ADC_ErrorCallback)
    i.HAL_ADC_Init                           0x080012a4   Section        0  stm32f1xx_hal_adc.o(i.HAL_ADC_Init)
    i.HAL_ADC_MspInit                        0x080013d8   Section        0  adc.o(i.HAL_ADC_MspInit)
    i.HAL_ADC_Start_DMA                      0x08001450   Section        0  stm32f1xx_hal_adc.o(i.HAL_ADC_Start_DMA)
    i.HAL_ADC_Stop_DMA                       0x0800155c   Section        0  stm32f1xx_hal_adc.o(i.HAL_ADC_Stop_DMA)
    i.HAL_DMA_Abort                          0x080015a8   Section        0  stm32f1xx_hal_dma.o(i.HAL_DMA_Abort)
    i.HAL_DMA_IRQHandler                     0x08001600   Section        0  stm32f1xx_hal_dma.o(i.HAL_DMA_IRQHandler)
    i.HAL_DMA_Init                           0x0800186c   Section        0  stm32f1xx_hal_dma.o(i.HAL_DMA_Init)
    i.HAL_DMA_Start_IT                       0x080018bc   Section        0  stm32f1xx_hal_dma.o(i.HAL_DMA_Start_IT)
    i.HAL_Delay                              0x08001914   Section        0  stm32f1xx_hal.o(i.HAL_Delay)
    i.HAL_GPIO_Init                          0x0800192c   Section        0  stm32f1xx_hal_gpio.o(i.HAL_GPIO_Init)
    i.HAL_GPIO_ReadPin                       0x08001ae8   Section        0  stm32f1xx_hal_gpio.o(i.HAL_GPIO_ReadPin)
    i.HAL_GPIO_WritePin                      0x08001af2   Section        0  stm32f1xx_hal_gpio.o(i.HAL_GPIO_WritePin)
    i.HAL_GetTick                            0x08001afc   Section        0  stm32f1xx_hal.o(i.HAL_GetTick)
    i.HAL_IncTick                            0x08001b08   Section        0  stm32f1xx_hal.o(i.HAL_IncTick)
    i.HAL_Init                               0x08001b18   Section        0  stm32f1xx_hal.o(i.HAL_Init)
    i.HAL_InitTick                           0x08001b3c   Section        0  stm32f1xx_hal.o(i.HAL_InitTick)
    i.HAL_MspInit                            0x08001b60   Section        0  stm32f1xx_hal_msp.o(i.HAL_MspInit)
    i.HAL_NVIC_EnableIRQ                     0x08001be0   Section        0  stm32f1xx_hal_cortex.o(i.HAL_NVIC_EnableIRQ)
    i.HAL_NVIC_SetPriority                   0x08001bf8   Section        0  stm32f1xx_hal_cortex.o(i.HAL_NVIC_SetPriority)
    i.HAL_NVIC_SetPriorityGrouping           0x08001c38   Section        0  stm32f1xx_hal_cortex.o(i.HAL_NVIC_SetPriorityGrouping)
    i.HAL_RCCEx_PeriphCLKConfig              0x08001c5c   Section        0  stm32f1xx_hal_rcc_ex.o(i.HAL_RCCEx_PeriphCLKConfig)
    i.HAL_RCC_ClockConfig                    0x08001d88   Section        0  stm32f1xx_hal_rcc.o(i.HAL_RCC_ClockConfig)
    i.HAL_RCC_GetHCLKFreq                    0x08001f10   Section        0  stm32f1xx_hal_rcc.o(i.HAL_RCC_GetHCLKFreq)
    i.HAL_RCC_GetPCLK1Freq                   0x08001f1c   Section        0  stm32f1xx_hal_rcc.o(i.HAL_RCC_GetPCLK1Freq)
    i.HAL_RCC_GetPCLK2Freq                   0x08001f4c   Section        0  stm32f1xx_hal_rcc.o(i.HAL_RCC_GetPCLK2Freq)
    i.HAL_RCC_GetSysClockFreq                0x08001f7c   Section        0  stm32f1xx_hal_rcc.o(i.HAL_RCC_GetSysClockFreq)
    i.HAL_RCC_OscConfig                      0x08002004   Section        0  stm32f1xx_hal_rcc.o(i.HAL_RCC_OscConfig)
    i.HAL_SYSTICK_CLKSourceConfig            0x08002582   Section        0  stm32f1xx_hal_cortex.o(i.HAL_SYSTICK_CLKSourceConfig)
    i.HAL_SYSTICK_Callback                   0x0800259a   Section        0  stm32f1xx_hal_cortex.o(i.HAL_SYSTICK_Callback)
    i.HAL_SYSTICK_Config                     0x0800259c   Section        0  stm32f1xx_hal_cortex.o(i.HAL_SYSTICK_Config)
    i.HAL_SYSTICK_IRQHandler                 0x080025c4   Section        0  stm32f1xx_hal_cortex.o(i.HAL_SYSTICK_IRQHandler)
    i.HAL_TIMEx_MasterConfigSynchronization  0x080025cc   Section        0  stm32f1xx_hal_tim_ex.o(i.HAL_TIMEx_MasterConfigSynchronization)
    i.HAL_TIM_Base_Init                      0x0800261c   Section        0  stm32f1xx_hal_tim.o(i.HAL_TIM_Base_Init)
    i.HAL_TIM_Base_MspInit                   0x08002654   Section        0  tim.o(i.HAL_TIM_Base_MspInit)
    i.HAL_TIM_Base_Start                     0x0800267c   Section        0  stm32f1xx_hal_tim.o(i.HAL_TIM_Base_Start)
    i.HAL_TIM_ConfigClockSource              0x08002696   Section        0  stm32f1xx_hal_tim.o(i.HAL_TIM_ConfigClockSource)
    i.HAL_UART_Init                          0x08002788   Section        0  stm32f1xx_hal_uart.o(i.HAL_UART_Init)
    i.HAL_UART_MspInit                       0x080027e8   Section        0  usart.o(i.HAL_UART_MspInit)
    i.HAL_UART_Transmit                      0x08002840   Section        0  stm32f1xx_hal_uart.o(i.HAL_UART_Transmit)
    i.HardFault_Handler                      0x0800290c   Section        0  stm32f1xx_it.o(i.HardFault_Handler)
    i.Key_Scan                               0x08002910   Section        0  main.o(i.Key_Scan)
    i.MX_ADC1_Init                           0x080029f8   Section        0  adc.o(i.MX_ADC1_Init)
    i.MX_DMA_Init                            0x08002a40   Section        0  dma.o(i.MX_DMA_Init)
    i.MX_GPIO_Init                           0x08002a6c   Section        0  gpio.o(i.MX_GPIO_Init)
    i.MX_TIM3_Init                           0x08002ae4   Section        0  tim.o(i.MX_TIM3_Init)
    i.MX_USART1_UART_Init                    0x08002b3c   Section        0  usart.o(i.MX_USART1_UART_Init)
    i.MemManage_Handler                      0x08002b74   Section        0  stm32f1xx_it.o(i.MemManage_Handler)
    i.NMI_Handler                            0x08002b76   Section        0  stm32f1xx_it.o(i.NMI_Handler)
    i.NVIC_SetPriority                       0x08002b78   Section        0  stm32f1xx_hal_cortex.o(i.NVIC_SetPriority)
    NVIC_SetPriority                         0x08002b79   Thumb Code    32  stm32f1xx_hal_cortex.o(i.NVIC_SetPriority)
    i.OLED_Clear                             0x08002b98   Section        0  oled.o(i.OLED_Clear)
    i.OLED_DrawPoint                         0x08002bc8   Section        0  oled.o(i.OLED_DrawPoint)
    i.OLED_Init                              0x08002c08   Section        0  oled.o(i.OLED_Init)
    i.OLED_Refresh_Gram                      0x08002d00   Section        0  oled.o(i.OLED_Refresh_Gram)
    i.OLED_WR_Byte                           0x08002d4c   Section        0  oled.o(i.OLED_WR_Byte)
    i.PendSV_Handler                         0x08002da8   Section        0  stm32f1xx_it.o(i.PendSV_Handler)
    i.SVC_Handler                            0x08002daa   Section        0  stm32f1xx_it.o(i.SVC_Handler)
    i.SysTick_Handler                        0x08002dac   Section        0  stm32f1xx_it.o(i.SysTick_Handler)
    i.SystemClock_Config                     0x08002dba   Section        0  main.o(i.SystemClock_Config)
    i.SystemInit                             0x08002e34   Section        0  system_stm32f1xx.o(i.SystemInit)
    i.TIM_Base_SetConfig                     0x08002e7c   Section        0  stm32f1xx_hal_tim.o(i.TIM_Base_SetConfig)
    i.TIM_ETR_SetConfig                      0x08002ee0   Section        0  stm32f1xx_hal_tim.o(i.TIM_ETR_SetConfig)
    TIM_ETR_SetConfig                        0x08002ee1   Thumb Code    20  stm32f1xx_hal_tim.o(i.TIM_ETR_SetConfig)
    i.TIM_ITRx_SetConfig                     0x08002ef4   Section        0  stm32f1xx_hal_tim.o(i.TIM_ITRx_SetConfig)
    TIM_ITRx_SetConfig                       0x08002ef5   Thumb Code    16  stm32f1xx_hal_tim.o(i.TIM_ITRx_SetConfig)
    i.TIM_TI1_ConfigInputStage               0x08002f04   Section        0  stm32f1xx_hal_tim.o(i.TIM_TI1_ConfigInputStage)
    TIM_TI1_ConfigInputStage                 0x08002f05   Thumb Code    34  stm32f1xx_hal_tim.o(i.TIM_TI1_ConfigInputStage)
    i.TIM_TI2_ConfigInputStage               0x08002f26   Section        0  stm32f1xx_hal_tim.o(i.TIM_TI2_ConfigInputStage)
    TIM_TI2_ConfigInputStage                 0x08002f27   Thumb Code    36  stm32f1xx_hal_tim.o(i.TIM_TI2_ConfigInputStage)
    i.UART_SetConfig                         0x08002f4c   Section        0  stm32f1xx_hal_uart.o(i.UART_SetConfig)
    UART_SetConfig                           0x08002f4d   Thumb Code   364  stm32f1xx_hal_uart.o(i.UART_SetConfig)
    i.UART_WaitOnFlagUntilTimeout            0x080030bc   Section        0  stm32f1xx_hal_uart.o(i.UART_WaitOnFlagUntilTimeout)
    UART_WaitOnFlagUntilTimeout              0x080030bd   Thumb Code   146  stm32f1xx_hal_uart.o(i.UART_WaitOnFlagUntilTimeout)
    i.UsageFault_Handler                     0x0800314e   Section        0  stm32f1xx_it.o(i.UsageFault_Handler)
    i.__0printf$bare                         0x08003150   Section        0  printfb.o(i.__0printf$bare)
    i.__scatterload_copy                     0x08003160   Section       14  handlers.o(i.__scatterload_copy)
    i.__scatterload_null                     0x0800316e   Section        2  handlers.o(i.__scatterload_null)
    i.__scatterload_zeroinit                 0x08003170   Section       14  handlers.o(i.__scatterload_zeroinit)
    i.__set_errno                            0x08003180   Section        0  errno.o(i.__set_errno)
    i._printf_core                           0x0800318c   Section        0  printfb.o(i._printf_core)
    _printf_core                             0x0800318d   Thumb Code    34  printfb.o(i._printf_core)
    i.display1                               0x080031b0   Section        0  main.o(i.display1)
    i.display2                               0x08003264   Section        0  main.o(i.display2)
    i.display3                               0x080032fc   Section        0  main.o(i.display3)
    i.display4                               0x080033bc   Section        0  main.o(i.display4)
    i.fputc                                  0x08003498   Section        0  usart.o(i.fputc)
    i.main                                   0x080034b0   Section        0  main.o(i.main)
    i.sqrt                                   0x0800354c   Section        0  sqrt.o(i.sqrt)
    .constdata                               0x08003598   Section     1024  main.o(.constdata)
    .constdata                               0x08003998   Section       16  system_stm32f1xx.o(.constdata)
    .constdata                               0x080039a8   Section        8  system_stm32f1xx.o(.constdata)
    .constdata                               0x080039b0   Section      768  font5_7.o(.constdata)
    .constdata                               0x08003cb0   Section        8  gui_stockc.o(.constdata)
    .data                                    0x20000000   Section        6  main.o(.data)
    mode_num                                 0x20000003   Data           1  main.o(.data)
    num                                      0x20000004   Data           2  main.o(.data)
    .data                                    0x20000008   Section        4  system_stm32f1xx.o(.data)
    .data                                    0x2000000c   Section        4  stm32f1xx_hal.o(.data)
    uwTick                                   0x2000000c   Data           4  stm32f1xx_hal.o(.data)
    .data                                    0x20000010   Section        2  gui_stockc.o(.data)
    .data                                    0x20000014   Section        4  stdout.o(.data)
    .data                                    0x20000018   Section        4  errno.o(.data)
    _errno                                   0x20000018   Data           4  errno.o(.data)
    .bss                                     0x2000001c   Section     3200  main.o(.bss)
    .bss                                     0x20000c9c   Section       64  usart.o(.bss)
    .bss                                     0x20000cdc   Section      104  adc.o(.bss)
    .bss                                     0x20000d44   Section       60  tim.o(.bss)
    .bss                                     0x20000d80   Section     2048  oled.o(.bss)
    STACK                                    0x20001580   Section     1024  startup_stm32f103xb.o(STACK)

    Global Symbols

    Symbol Name                              Value     Ov Type        Size  Object(Section)

    BuildAttributes$$THM_ISAv4$P$D$K$B$S$PE$A:L22UL41UL21$X:L11$S22US41US21$IEEE1$IW$USESV6$~STKCKD$USESV7$~SHL$OTIME$ROPI$IEEEX$EBA8$MICROLIB$REQ8$PRES8$EABIv2 0x00000000   Number         0  anon$$obj.o ABSOLUTE
    __ARM_use_no_argv                        0x00000000   Number         0  main.o ABSOLUTE
    __cpp_initialize__aeabi_                  - Undefined Weak Reference
    __cxa_finalize                            - Undefined Weak Reference
    __decompress                              - Undefined Weak Reference
    _clock_init                               - Undefined Weak Reference
    _microlib_exit                            - Undefined Weak Reference
    __Vectors_Size                           0x000000ec   Number         0  startup_stm32f103xb.o ABSOLUTE
    __Vectors                                0x08000000   Data           4  startup_stm32f103xb.o(RESET)
    __Vectors_End                            0x080000ec   Data           0  startup_stm32f103xb.o(RESET)
    __main                                   0x080000ed   Thumb Code     0  entry.o(.ARM.Collect$$$$00000000)
    _main_stk                                0x080000ed   Thumb Code     0  entry2.o(.ARM.Collect$$$$00000001)
    _main_scatterload                        0x080000f1   Thumb Code     0  entry5.o(.ARM.Collect$$$$00000004)
    __main_after_scatterload                 0x080000f5   Thumb Code     0  entry5.o(.ARM.Collect$$$$00000004)
    _main_clock                              0x080000f5   Thumb Code     0  entry7b.o(.ARM.Collect$$$$00000008)
    _main_cpp_init                           0x080000f5   Thumb Code     0  entry8b.o(.ARM.Collect$$$$0000000A)
    _main_init                               0x080000f5   Thumb Code     0  entry9a.o(.ARM.Collect$$$$0000000B)
    __rt_final_cpp                           0x080000fd   Thumb Code     0  entry10a.o(.ARM.Collect$$$$0000000D)
    __rt_final_exit                          0x080000fd   Thumb Code     0  entry11a.o(.ARM.Collect$$$$0000000F)
    cr4_fft_256_stm32                        0x08000101   Thumb Code     0  cr4_fft_256_stm32.o(.text)
    Reset_Handler                            0x080006e1   Thumb Code     8  startup_stm32f103xb.o(.text)
    ADC1_2_IRQHandler                        0x080006fb   Thumb Code     0  startup_stm32f103xb.o(.text)
    CAN1_RX1_IRQHandler                      0x080006fb   Thumb Code     0  startup_stm32f103xb.o(.text)
    CAN1_SCE_IRQHandler                      0x080006fb   Thumb Code     0  startup_stm32f103xb.o(.text)
    DMA1_Channel2_IRQHandler                 0x080006fb   Thumb Code     0  startup_stm32f103xb.o(.text)
    DMA1_Channel3_IRQHandler                 0x080006fb   Thumb Code     0  startup_stm32f103xb.o(.text)
    DMA1_Channel4_IRQHandler                 0x080006fb   Thumb Code     0  startup_stm32f103xb.o(.text)
    DMA1_Channel5_IRQHandler                 0x080006fb   Thumb Code     0  startup_stm32f103xb.o(.text)
    DMA1_Channel6_IRQHandler                 0x080006fb   Thumb Code     0  startup_stm32f103xb.o(.text)
    DMA1_Channel7_IRQHandler                 0x080006fb   Thumb Code     0  startup_stm32f103xb.o(.text)
    EXTI0_IRQHandler                         0x080006fb   Thumb Code     0  startup_stm32f103xb.o(.text)
    EXTI15_10_IRQHandler                     0x080006fb   Thumb Code     0  startup_stm32f103xb.o(.text)
    EXTI1_IRQHandler                         0x080006fb   Thumb Code     0  startup_stm32f103xb.o(.text)
    EXTI2_IRQHandler                         0x080006fb   Thumb Code     0  startup_stm32f103xb.o(.text)
    EXTI3_IRQHandler                         0x080006fb   Thumb Code     0  startup_stm32f103xb.o(.text)
    EXTI4_IRQHandler                         0x080006fb   Thumb Code     0  startup_stm32f103xb.o(.text)
    EXTI9_5_IRQHandler                       0x080006fb   Thumb Code     0  startup_stm32f103xb.o(.text)
    FLASH_IRQHandler                         0x080006fb   Thumb Code     0  startup_stm32f103xb.o(.text)
    I2C1_ER_IRQHandler                       0x080006fb   Thumb Code     0  startup_stm32f103xb.o(.text)
    I2C1_EV_IRQHandler                       0x080006fb   Thumb Code     0  startup_stm32f103xb.o(.text)
    I2C2_ER_IRQHandler                       0x080006fb   Thumb Code     0  startup_stm32f103xb.o(.text)
    I2C2_EV_IRQHandler                       0x080006fb   Thumb Code     0  startup_stm32f103xb.o(.text)
    PVD_IRQHandler                           0x080006fb   Thumb Code     0  startup_stm32f103xb.o(.text)
    RCC_IRQHandler                           0x080006fb   Thumb Code     0  startup_stm32f103xb.o(.text)
    RTC_Alarm_IRQHandler                     0x080006fb   Thumb Code     0  startup_stm32f103xb.o(.text)
    RTC_IRQHandler                           0x080006fb   Thumb Code     0  startup_stm32f103xb.o(.text)
    SPI1_IRQHandler                          0x080006fb   Thumb Code     0  startup_stm32f103xb.o(.text)
    SPI2_IRQHandler                          0x080006fb   Thumb Code     0  startup_stm32f103xb.o(.text)
    TAMPER_IRQHandler                        0x080006fb   Thumb Code     0  startup_stm32f103xb.o(.text)
    TIM1_BRK_IRQHandler                      0x080006fb   Thumb Code     0  startup_stm32f103xb.o(.text)
    TIM1_CC_IRQHandler                       0x080006fb   Thumb Code     0  startup_stm32f103xb.o(.text)
    TIM1_TRG_COM_IRQHandler                  0x080006fb   Thumb Code     0  startup_stm32f103xb.o(.text)
    TIM1_UP_IRQHandler                       0x080006fb   Thumb Code     0  startup_stm32f103xb.o(.text)
    TIM2_IRQHandler                          0x080006fb   Thumb Code     0  startup_stm32f103xb.o(.text)
    TIM3_IRQHandler                          0x080006fb   Thumb Code     0  startup_stm32f103xb.o(.text)
    TIM4_IRQHandler                          0x080006fb   Thumb Code     0  startup_stm32f103xb.o(.text)
    USART1_IRQHandler                        0x080006fb   Thumb Code     0  startup_stm32f103xb.o(.text)
    USART2_IRQHandler                        0x080006fb   Thumb Code     0  startup_stm32f103xb.o(.text)
    USART3_IRQHandler                        0x080006fb   Thumb Code     0  startup_stm32f103xb.o(.text)
    USBWakeUp_IRQHandler                     0x080006fb   Thumb Code     0  startup_stm32f103xb.o(.text)
    USB_HP_CAN1_TX_IRQHandler                0x080006fb   Thumb Code     0  startup_stm32f103xb.o(.text)
    USB_LP_CAN1_RX0_IRQHandler               0x080006fb   Thumb Code     0  startup_stm32f103xb.o(.text)
    WWDG_IRQHandler                          0x080006fb   Thumb Code     0  startup_stm32f103xb.o(.text)
    __aeabi_llsr                             0x08000705   Thumb Code    32  llushr.o(.text)
    _ll_ushift_r                             0x08000705   Thumb Code     0  llushr.o(.text)
    __aeabi_fadd                             0x08000725   Thumb Code   164  fadd.o(.text)
    __aeabi_fsub                             0x080007c9   Thumb Code     6  fadd.o(.text)
    __aeabi_frsub                            0x080007cf   Thumb Code     6  fadd.o(.text)
    __aeabi_fmul                             0x080007d5   Thumb Code   100  fmul.o(.text)
    __ARM_scalbnf                            0x08000839   Thumb Code    24  fscalb.o(.text)
    scalbnf                                  0x08000839   Thumb Code     0  fscalb.o(.text)
    __ARM_scalbn                             0x08000851   Thumb Code    46  dscalb.o(.text)
    scalbn                                   0x08000851   Thumb Code     0  dscalb.o(.text)
    __aeabi_i2f                              0x0800087f   Thumb Code    18  fflti.o(.text)
    __aeabi_f2uiz                            0x08000891   Thumb Code    40  ffixui.o(.text)
    __aeabi_f2d                              0x080008b9   Thumb Code    38  f2d.o(.text)
    __aeabi_d2f                              0x080008df   Thumb Code    56  d2f.o(.text)
    __aeabi_llsl                             0x08000917   Thumb Code    30  llshl.o(.text)
    _ll_shift_l                              0x08000917   Thumb Code     0  llshl.o(.text)
    __I$use$fp                               0x08000935   Thumb Code     0  iusefp.o(.text)
    _float_round                             0x08000935   Thumb Code    18  fepilogue.o(.text)
    _float_epilogue                          0x08000947   Thumb Code    92  fepilogue.o(.text)
    _double_round                            0x080009a3   Thumb Code    30  depilogue.o(.text)
    _double_epilogue                         0x080009c1   Thumb Code   156  depilogue.o(.text)
    _dsqrt                                   0x08000a5d   Thumb Code   162  dsqrt.o(.text)
    __scatterload                            0x08000b01   Thumb Code    28  init.o(.text)
    __scatterload_rt2                        0x08000b01   Thumb Code     0  init.o(.text)
    ADC_ConversionStop_Disable               0x08000b25   Thumb Code    76  stm32f1xx_hal_adc.o(i.ADC_ConversionStop_Disable)
    ADC_DMAConvCplt                          0x08000b71   Thumb Code    78  stm32f1xx_hal_adc.o(i.ADC_DMAConvCplt)
    ADC_DMAError                             0x08000bbf   Thumb Code    26  stm32f1xx_hal_adc.o(i.ADC_DMAError)
    ADC_DMAHalfConvCplt                      0x08000bd9   Thumb Code    10  stm32f1xx_hal_adc.o(i.ADC_DMAHalfConvCplt)
    ADC_Enable                               0x08000be5   Thumb Code   104  stm32f1xx_hal_adc.o(i.ADC_Enable)
    BusFault_Handler                         0x08000c55   Thumb Code     2  stm32f1xx_it.o(i.BusFault_Handler)
    DMA1_Channel1_IRQHandler                 0x08000c59   Thumb Code     6  stm32f1xx_it.o(i.DMA1_Channel1_IRQHandler)
    DebugMon_Handler                         0x08000c83   Thumb Code     2  stm32f1xx_it.o(i.DebugMon_Handler)
    Error_Handler                            0x08000c85   Thumb Code     2  main.o(i.Error_Handler)
    GPIO_Config                              0x08000c89   Thumb Code    94  oled.o(i.GPIO_Config)
    GUI_Exec                                 0x08000cf1   Thumb Code     4  lcmdrv.o(i.GUI_Exec)
    GUI_HLine                                0x08000cf5   Thumb Code    44  lcmdrv.o(i.GUI_HLine)
    GUI_Initialize                           0x08000d21   Thumb Code     4  lcmdrv.o(i.GUI_Initialize)
    GUI_LineWith                             0x08000d25   Thumb Code   328  gui_basic.o(i.GUI_LineWith)
    GUI_LoadLine                             0x08000e6d   Thumb Code    96  loadbit.o(i.GUI_LoadLine)
    GUI_LoadPic                              0x08000ed9   Thumb Code    54  loadbit.o(i.GUI_LoadPic)
    GUI_Point                                0x08000f0f   Thumb Code     6  lcmdrv.o(i.GUI_Point)
    GUI_PutChar                              0x08000f15   Thumb Code   114  font5_7.o(i.GUI_PutChar)
    GUI_PutString                            0x08000f99   Thumb Code    34  font5_7.o(i.GUI_PutString)
    GUI_RLine                                0x08000fbb   Thumb Code    42  lcmdrv.o(i.GUI_RLine)
    GUI_SetColor                             0x08000fe5   Thumb Code     8  gui_stockc.o(i.GUI_SetColor)
    GetPowerMag                              0x08000ff1   Thumb Code   152  main.o(i.GetPowerMag)
    HAL_ADC_ConfigChannel                    0x0800108d   Thumb Code   346  stm32f1xx_hal_adc.o(i.HAL_ADC_ConfigChannel)
    HAL_ADC_ConvCpltCallback                 0x080011f5   Thumb Code   154  main.o(i.HAL_ADC_ConvCpltCallback)
    HAL_ADC_ConvHalfCpltCallback             0x080012a1   Thumb Code     2  stm32f1xx_hal_adc.o(i.HAL_ADC_ConvHalfCpltCallback)
    HAL_ADC_ErrorCallback                    0x080012a3   Thumb Code     2  stm32f1xx_hal_adc.o(i.HAL_ADC_ErrorCallback)
    HAL_ADC_Init                             0x080012a5   Thumb Code   300  stm32f1xx_hal_adc.o(i.HAL_ADC_Init)
    HAL_ADC_MspInit                          0x080013d9   Thumb Code    98  adc.o(i.HAL_ADC_MspInit)
    HAL_ADC_Start_DMA                        0x08001451   Thumb Code   246  stm32f1xx_hal_adc.o(i.HAL_ADC_Start_DMA)
    HAL_ADC_Stop_DMA                         0x0800155d   Thumb Code    76  stm32f1xx_hal_adc.o(i.HAL_ADC_Stop_DMA)
    HAL_DMA_Abort                            0x080015a9   Thumb Code    86  stm32f1xx_hal_dma.o(i.HAL_DMA_Abort)
    HAL_DMA_IRQHandler                       0x08001601   Thumb Code   616  stm32f1xx_hal_dma.o(i.HAL_DMA_IRQHandler)
    HAL_DMA_Init                             0x0800186d   Thumb Code    80  stm32f1xx_hal_dma.o(i.HAL_DMA_Init)
    HAL_DMA_Start_IT                         0x080018bd   Thumb Code    88  stm32f1xx_hal_dma.o(i.HAL_DMA_Start_IT)
    HAL_Delay                                0x08001915   Thumb Code    22  stm32f1xx_hal.o(i.HAL_Delay)
    HAL_GPIO_Init                            0x0800192d   Thumb Code   408  stm32f1xx_hal_gpio.o(i.HAL_GPIO_Init)
    HAL_GPIO_ReadPin                         0x08001ae9   Thumb Code    10  stm32f1xx_hal_gpio.o(i.HAL_GPIO_ReadPin)
    HAL_GPIO_WritePin                        0x08001af3   Thumb Code    10  stm32f1xx_hal_gpio.o(i.HAL_GPIO_WritePin)
    HAL_GetTick                              0x08001afd   Thumb Code     6  stm32f1xx_hal.o(i.HAL_GetTick)
    HAL_IncTick                              0x08001b09   Thumb Code    10  stm32f1xx_hal.o(i.HAL_IncTick)
    HAL_Init                                 0x08001b19   Thumb Code    32  stm32f1xx_hal.o(i.HAL_Init)
    HAL_InitTick                             0x08001b3d   Thumb Code    34  stm32f1xx_hal.o(i.HAL_InitTick)
    HAL_MspInit                              0x08001b61   Thumb Code   118  stm32f1xx_hal_msp.o(i.HAL_MspInit)
    HAL_NVIC_EnableIRQ                       0x08001be1   Thumb Code    22  stm32f1xx_hal_cortex.o(i.HAL_NVIC_EnableIRQ)
    HAL_NVIC_SetPriority                     0x08001bf9   Thumb Code    60  stm32f1xx_hal_cortex.o(i.HAL_NVIC_SetPriority)
    HAL_NVIC_SetPriorityGrouping             0x08001c39   Thumb Code    26  stm32f1xx_hal_cortex.o(i.HAL_NVIC_SetPriorityGrouping)
    HAL_RCCEx_PeriphCLKConfig                0x08001c5d   Thumb Code   288  stm32f1xx_hal_rcc_ex.o(i.HAL_RCCEx_PeriphCLKConfig)
    HAL_RCC_ClockConfig                      0x08001d89   Thumb Code   374  stm32f1xx_hal_rcc.o(i.HAL_RCC_ClockConfig)
    HAL_RCC_GetHCLKFreq                      0x08001f11   Thumb Code     6  stm32f1xx_hal_rcc.o(i.HAL_RCC_GetHCLKFreq)
    HAL_RCC_GetPCLK1Freq                     0x08001f1d   Thumb Code    34  stm32f1xx_hal_rcc.o(i.HAL_RCC_GetPCLK1Freq)
    HAL_RCC_GetPCLK2Freq                     0x08001f4d   Thumb Code    34  stm32f1xx_hal_rcc.o(i.HAL_RCC_GetPCLK2Freq)
    HAL_RCC_GetSysClockFreq                  0x08001f7d   Thumb Code   102  stm32f1xx_hal_rcc.o(i.HAL_RCC_GetSysClockFreq)
    HAL_RCC_OscConfig                        0x08002005   Thumb Code  1406  stm32f1xx_hal_rcc.o(i.HAL_RCC_OscConfig)
    HAL_SYSTICK_CLKSourceConfig              0x08002583   Thumb Code    24  stm32f1xx_hal_cortex.o(i.HAL_SYSTICK_CLKSourceConfig)
    HAL_SYSTICK_Callback                     0x0800259b   Thumb Code     2  stm32f1xx_hal_cortex.o(i.HAL_SYSTICK_Callback)
    HAL_SYSTICK_Config                       0x0800259d   Thumb Code    40  stm32f1xx_hal_cortex.o(i.HAL_SYSTICK_Config)
    HAL_SYSTICK_IRQHandler                   0x080025c5   Thumb Code     8  stm32f1xx_hal_cortex.o(i.HAL_SYSTICK_IRQHandler)
    HAL_TIMEx_MasterConfigSynchronization    0x080025cd   Thumb Code    80  stm32f1xx_hal_tim_ex.o(i.HAL_TIMEx_MasterConfigSynchronization)
    HAL_TIM_Base_Init                        0x0800261d   Thumb Code    54  stm32f1xx_hal_tim.o(i.HAL_TIM_Base_Init)
    HAL_TIM_Base_MspInit                     0x08002655   Thumb Code    30  tim.o(i.HAL_TIM_Base_MspInit)
    HAL_TIM_Base_Start                       0x0800267d   Thumb Code    26  stm32f1xx_hal_tim.o(i.HAL_TIM_Base_Start)
    HAL_TIM_ConfigClockSource                0x08002697   Thumb Code   242  stm32f1xx_hal_tim.o(i.HAL_TIM_ConfigClockSource)
    HAL_UART_Init                            0x08002789   Thumb Code    94  stm32f1xx_hal_uart.o(i.HAL_UART_Init)
    HAL_UART_MspInit                         0x080027e9   Thumb Code    76  usart.o(i.HAL_UART_MspInit)
    HAL_UART_Transmit                        0x08002841   Thumb Code   204  stm32f1xx_hal_uart.o(i.HAL_UART_Transmit)
    HardFault_Handler                        0x0800290d   Thumb Code     2  stm32f1xx_it.o(i.HardFault_Handler)
    Key_Scan                                 0x08002911   Thumb Code   206  main.o(i.Key_Scan)
    MX_ADC1_Init                             0x080029f9   Thumb Code    62  adc.o(i.MX_ADC1_Init)
    MX_DMA_Init                              0x08002a41   Thumb Code    40  dma.o(i.MX_DMA_Init)
    MX_GPIO_Init                             0x08002a6d   Thumb Code   108  gpio.o(i.MX_GPIO_Init)
    MX_TIM3_Init                             0x08002ae5   Thumb Code    80  tim.o(i.MX_TIM3_Init)
    MX_USART1_UART_Init                      0x08002b3d   Thumb Code    48  usart.o(i.MX_USART1_UART_Init)
    MemManage_Handler                        0x08002b75   Thumb Code     2  stm32f1xx_it.o(i.MemManage_Handler)
    NMI_Handler                              0x08002b77   Thumb Code     2  stm32f1xx_it.o(i.NMI_Handler)
    OLED_Clear                               0x08002b99   Thumb Code    42  oled.o(i.OLED_Clear)
    OLED_DrawPoint                           0x08002bc9   Thumb Code    58  oled.o(i.OLED_DrawPoint)
    OLED_Init                                0x08002c09   Thumb Code   242  oled.o(i.OLED_Init)
    OLED_Refresh_Gram                        0x08002d01   Thumb Code    72  oled.o(i.OLED_Refresh_Gram)
    OLED_WR_Byte                             0x08002d4d   Thumb Code    88  oled.o(i.OLED_WR_Byte)
    PendSV_Handler                           0x08002da9   Thumb Code     2  stm32f1xx_it.o(i.PendSV_Handler)
    SVC_Handler                              0x08002dab   Thumb Code     2  stm32f1xx_it.o(i.SVC_Handler)
    SysTick_Handler                          0x08002dad   Thumb Code    14  stm32f1xx_it.o(i.SysTick_Handler)
    SystemClock_Config                       0x08002dbb   Thumb Code   122  main.o(i.SystemClock_Config)
    SystemInit                               0x08002e35   Thumb Code    56  system_stm32f1xx.o(i.SystemInit)
    TIM_Base_SetConfig                       0x08002e7d   Thumb Code    86  stm32f1xx_hal_tim.o(i.TIM_Base_SetConfig)
    UsageFault_Handler                       0x0800314f   Thumb Code     2  stm32f1xx_it.o(i.UsageFault_Handler)
    __0printf$bare                           0x08003151   Thumb Code     8  printfb.o(i.__0printf$bare)
    __1printf$bare                           0x08003151   Thumb Code     0  printfb.o(i.__0printf$bare)
    __2printf                                0x08003151   Thumb Code     0  printfb.o(i.__0printf$bare)
    __scatterload_copy                       0x08003161   Thumb Code    14  handlers.o(i.__scatterload_copy)
    __scatterload_null                       0x0800316f   Thumb Code     2  handlers.o(i.__scatterload_null)
    __scatterload_zeroinit                   0x08003171   Thumb Code    14  handlers.o(i.__scatterload_zeroinit)
    __set_errno                              0x08003181   Thumb Code     6  errno.o(i.__set_errno)
    display1                                 0x080031b1   Thumb Code   166  main.o(i.display1)
    display2                                 0x08003265   Thumb Code   138  main.o(i.display2)
    display3                                 0x080032fd   Thumb Code   178  main.o(i.display3)
    display4                                 0x080033bd   Thumb Code   208  main.o(i.display4)
    fputc                                    0x08003499   Thumb Code    20  usart.o(i.fputc)
    main                                     0x080034b1   Thumb Code   118  main.o(i.main)
    sqrt                                     0x0800354d   Thumb Code    76  sqrt.o(i.sqrt)
    gImage_bg                                0x08003598   Data        1024  main.o(.constdata)
    AHBPrescTable                            0x08003998   Data          16  system_stm32f1xx.o(.constdata)
    APBPrescTable                            0x080039a8   Data           8  system_stm32f1xx.o(.constdata)
    FONT5x7ASCII                             0x080039b0   Data         768  font5_7.o(.constdata)
    DCB2HEX_TAB                              0x08003cb0   Data           8  gui_stockc.o(.constdata)
    Region$$Table$$Base                      0x08003cb8   Number         0  anon$$obj.o(Region$$Table)
    Region$$Table$$Limit                     0x08003cd8   Number         0  anon$$obj.o(Region$$Table)
    prt                                      0x20000000   Data           1  main.o(.data)
    display_num                              0x20000001   Data           1  main.o(.data)
    auto_display_flag                        0x20000002   Data           1  main.o(.data)
    SystemCoreClock                          0x20000008   Data           4  system_stm32f1xx.o(.data)
    disp_color                               0x20000010   Data           1  gui_stockc.o(.data)
    back_color                               0x20000011   Data           1  gui_stockc.o(.data)
    __stdout                                 0x20000014   Data           4  stdout.o(.data)
    adc_buf                                  0x2000001c   Data        1024  main.o(.bss)
    lBufInArray                              0x2000041c   Data        1024  main.o(.bss)
    lBufOutArray                             0x2000081c   Data         512  main.o(.bss)
    lBufMagArray                             0x20000a1c   Data         512  main.o(.bss)
    fall_pot                                 0x20000c1c   Data         128  main.o(.bss)
    huart1                                   0x20000c9c   Data          64  usart.o(.bss)
    hadc1                                    0x20000cdc   Data          48  adc.o(.bss)
    hdma_adc1                                0x20000d0c   Data          56  adc.o(.bss)
    htim3                                    0x20000d44   Data          60  tim.o(.bss)
    OLED_GRAM                                0x20000d80   Data        2048  oled.o(.bss)
    __initial_sp                             0x20001980   Data           0  startup_stm32f103xb.o(STACK)



==============================================================================

Memory Map of the image

  Image Entry point : 0x080000ed

  Load Region LR_IROM1 (Base: 0x08000000, Size: 0x00003cf4, Max: 0x00010000, ABSOLUTE)

    Execution Region ER_IROM1 (Base: 0x08000000, Size: 0x00003cd8, Max: 0x00010000, ABSOLUTE)

    Base Addr    Size         Type   Attr      Idx    E Section Name        Object

    0x08000000   0x000000ec   Data   RO         2958    RESET               startup_stm32f103xb.o
    0x080000ec   0x00000000   Code   RO         3544  * .ARM.Collect$$$$00000000  mc_w.l(entry.o)
    0x080000ec   0x00000004   Code   RO         3871    .ARM.Collect$$$$00000001  mc_w.l(entry2.o)
    0x080000f0   0x00000004   Code   RO         3874    .ARM.Collect$$$$00000004  mc_w.l(entry5.o)
    0x080000f4   0x00000000   Code   RO         3876    .ARM.Collect$$$$00000008  mc_w.l(entry7b.o)
    0x080000f4   0x00000000   Code   RO         3878    .ARM.Collect$$$$0000000A  mc_w.l(entry8b.o)
    0x080000f4   0x00000008   Code   RO         3879    .ARM.Collect$$$$0000000B  mc_w.l(entry9a.o)
    0x080000fc   0x00000000   Code   RO         3881    .ARM.Collect$$$$0000000D  mc_w.l(entry10a.o)
    0x080000fc   0x00000000   Code   RO         3883    .ARM.Collect$$$$0000000F  mc_w.l(entry11a.o)
    0x080000fc   0x00000004   Code   RO         3872    .ARM.Collect$$$$00002712  mc_w.l(entry2.o)
    0x08000100   0x000005de   Code   RO          654    .text               cr4_fft_256_stm32.o
    0x080006de   0x00000002   PAD
    0x080006e0   0x00000024   Code   RO         2959    .text               startup_stm32f103xb.o
    0x08000704   0x00000020   Code   RO         3547    .text               mc_w.l(llushr.o)
    0x08000724   0x000000b0   Code   RO         3809    .text               mf_w.l(fadd.o)
    0x080007d4   0x00000064   Code   RO         3811    .text               mf_w.l(fmul.o)
    0x08000838   0x00000018   Code   RO         3815    .text               mf_w.l(fscalb.o)
    0x08000850   0x0000002e   Code   RO         3823    .text               mf_w.l(dscalb.o)
    0x0800087e   0x00000012   Code   RO         3825    .text               mf_w.l(fflti.o)
    0x08000890   0x00000028   Code   RO         3835    .text               mf_w.l(ffixui.o)
    0x080008b8   0x00000026   Code   RO         3839    .text               mf_w.l(f2d.o)
    0x080008de   0x00000038   Code   RO         3841    .text               mf_w.l(d2f.o)
    0x08000916   0x0000001e   Code   RO         3890    .text               mc_w.l(llshl.o)
    0x08000934   0x00000000   Code   RO         3901    .text               mc_w.l(iusefp.o)
    0x08000934   0x0000006e   Code   RO         3902    .text               mf_w.l(fepilogue.o)
    0x080009a2   0x000000ba   Code   RO         3904    .text               mf_w.l(depilogue.o)
    0x08000a5c   0x000000a2   Code   RO         3906    .text               mf_w.l(dsqrt.o)
    0x08000afe   0x00000002   PAD
    0x08000b00   0x00000024   Code   RO         3918    .text               mc_w.l(init.o)
    0x08000b24   0x0000004c   Code   RO         2683    i.ADC_ConversionStop_Disable  stm32f1xx_hal_adc.o
    0x08000b70   0x0000004e   Code   RO         2684    i.ADC_DMAConvCplt   stm32f1xx_hal_adc.o
    0x08000bbe   0x0000001a   Code   RO         2685    i.ADC_DMAError      stm32f1xx_hal_adc.o
    0x08000bd8   0x0000000a   Code   RO         2686    i.ADC_DMAHalfConvCplt  stm32f1xx_hal_adc.o
    0x08000be2   0x00000002   PAD
    0x08000be4   0x00000070   Code   RO         2687    i.ADC_Enable        stm32f1xx_hal_adc.o
    0x08000c54   0x00000002   Code   RO          308    i.BusFault_Handler  stm32f1xx_it.o
    0x08000c56   0x00000002   PAD
    0x08000c58   0x0000000c   Code   RO          309    i.DMA1_Channel1_IRQHandler  stm32f1xx_it.o
    0x08000c64   0x0000001e   Code   RO          701    i.DMA_SetConfig     stm32f1xx_hal_dma.o
    0x08000c82   0x00000002   Code   RO          310    i.DebugMon_Handler  stm32f1xx_it.o
    0x08000c84   0x00000002   Code   RO          122    i.Error_Handler     main.o
    0x08000c86   0x00000002   PAD
    0x08000c88   0x00000068   Code   RO          546    i.GPIO_Config       oled.o
    0x08000cf0   0x00000004   Code   RO         3203    i.GUI_Exec          lcmdrv.o
    0x08000cf4   0x0000002c   Code   RO         3205    i.GUI_HLine         lcmdrv.o
    0x08000d20   0x00000004   Code   RO         3206    i.GUI_Initialize    lcmdrv.o
    0x08000d24   0x00000148   Code   RO         3064    i.GUI_LineWith      gui_basic.o
    0x08000e6c   0x0000006c   Code   RO         3322    i.GUI_LoadLine      loadbit.o
    0x08000ed8   0x00000036   Code   RO         3323    i.GUI_LoadPic       loadbit.o
    0x08000f0e   0x00000006   Code   RO         3207    i.GUI_Point         lcmdrv.o
    0x08000f14   0x00000084   Code   RO         2985    i.GUI_PutChar       font5_7.o
    0x08000f98   0x00000022   Code   RO         2987    i.GUI_PutString     font5_7.o
    0x08000fba   0x0000002a   Code   RO         3208    i.GUI_RLine         lcmdrv.o
    0x08000fe4   0x0000000c   Code   RO         3165    i.GUI_SetColor      gui_stockc.o
    0x08000ff0   0x0000009c   Code   RO          123    i.GetPowerMag       main.o
    0x0800108c   0x00000168   Code   RO         2689    i.HAL_ADC_ConfigChannel  stm32f1xx_hal_adc.o
    0x080011f4   0x000000ac   Code   RO          124    i.HAL_ADC_ConvCpltCallback  main.o
    0x080012a0   0x00000002   Code   RO         2691    i.HAL_ADC_ConvHalfCpltCallback  stm32f1xx_hal_adc.o
    0x080012a2   0x00000002   Code   RO         2693    i.HAL_ADC_ErrorCallback  stm32f1xx_hal_adc.o
    0x080012a4   0x00000134   Code   RO         2698    i.HAL_ADC_Init      stm32f1xx_hal_adc.o
    0x080013d8   0x00000078   Code   RO          463    i.HAL_ADC_MspInit   adc.o
    0x08001450   0x0000010c   Code   RO         2705    i.HAL_ADC_Start_DMA  stm32f1xx_hal_adc.o
    0x0800155c   0x0000004c   Code   RO         2708    i.HAL_ADC_Stop_DMA  stm32f1xx_hal_adc.o
    0x080015a8   0x00000056   Code   RO          702    i.HAL_DMA_Abort     stm32f1xx_hal_dma.o
    0x080015fe   0x00000002   PAD
    0x08001600   0x0000026c   Code   RO          706    i.HAL_DMA_IRQHandler  stm32f1xx_hal_dma.o
    0x0800186c   0x00000050   Code   RO          707    i.HAL_DMA_Init      stm32f1xx_hal_dma.o
    0x080018bc   0x00000058   Code   RO          710    i.HAL_DMA_Start_IT  stm32f1xx_hal_dma.o
    0x08001914   0x00000016   Code   RO         1692    i.HAL_Delay         stm32f1xx_hal.o
    0x0800192a   0x00000002   PAD
    0x0800192c   0x000001bc   Code   RO          781    i.HAL_GPIO_Init     stm32f1xx_hal_gpio.o
    0x08001ae8   0x0000000a   Code   RO          783    i.HAL_GPIO_ReadPin  stm32f1xx_hal_gpio.o
    0x08001af2   0x0000000a   Code   RO          785    i.HAL_GPIO_WritePin  stm32f1xx_hal_gpio.o
    0x08001afc   0x0000000c   Code   RO         1696    i.HAL_GetTick       stm32f1xx_hal.o
    0x08001b08   0x00000010   Code   RO         1697    i.HAL_IncTick       stm32f1xx_hal.o
    0x08001b18   0x00000024   Code   RO         1698    i.HAL_Init          stm32f1xx_hal.o
    0x08001b3c   0x00000022   Code   RO         1699    i.HAL_InitTick      stm32f1xx_hal.o
    0x08001b5e   0x00000002   PAD
    0x08001b60   0x00000080   Code   RO            4    i.HAL_MspInit       stm32f1xx_hal_msp.o
    0x08001be0   0x00000016   Code   RO          846    i.HAL_NVIC_EnableIRQ  stm32f1xx_hal_cortex.o
    0x08001bf6   0x00000002   PAD
    0x08001bf8   0x00000040   Code   RO          852    i.HAL_NVIC_SetPriority  stm32f1xx_hal_cortex.o
    0x08001c38   0x00000024   Code   RO          853    i.HAL_NVIC_SetPriorityGrouping  stm32f1xx_hal_cortex.o
    0x08001c5c   0x0000012c   Code   RO         1513    i.HAL_RCCEx_PeriphCLKConfig  stm32f1xx_hal_rcc_ex.o
    0x08001d88   0x00000188   Code   RO         1548    i.HAL_RCC_ClockConfig  stm32f1xx_hal_rcc.o
    0x08001f10   0x0000000c   Code   RO         1553    i.HAL_RCC_GetHCLKFreq  stm32f1xx_hal_rcc.o
    0x08001f1c   0x00000030   Code   RO         1555    i.HAL_RCC_GetPCLK1Freq  stm32f1xx_hal_rcc.o
    0x08001f4c   0x00000030   Code   RO         1556    i.HAL_RCC_GetPCLK2Freq  stm32f1xx_hal_rcc.o
    0x08001f7c   0x00000088   Code   RO         1557    i.HAL_RCC_GetSysClockFreq  stm32f1xx_hal_rcc.o
    0x08002004   0x0000057e   Code   RO         1560    i.HAL_RCC_OscConfig  stm32f1xx_hal_rcc.o
    0x08002582   0x00000018   Code   RO          855    i.HAL_SYSTICK_CLKSourceConfig  stm32f1xx_hal_cortex.o
    0x0800259a   0x00000002   Code   RO          856    i.HAL_SYSTICK_Callback  stm32f1xx_hal_cortex.o
    0x0800259c   0x00000028   Code   RO          857    i.HAL_SYSTICK_Config  stm32f1xx_hal_cortex.o
    0x080025c4   0x00000008   Code   RO          858    i.HAL_SYSTICK_IRQHandler  stm32f1xx_hal_cortex.o
    0x080025cc   0x00000050   Code   RO         1836    i.HAL_TIMEx_MasterConfigSynchronization  stm32f1xx_hal_tim_ex.o
    0x0800261c   0x00000036   Code   RO         2054    i.HAL_TIM_Base_Init  stm32f1xx_hal_tim.o
    0x08002652   0x00000002   PAD
    0x08002654   0x00000028   Code   RO          505    i.HAL_TIM_Base_MspInit  tim.o
    0x0800267c   0x0000001a   Code   RO         2057    i.HAL_TIM_Base_Start  stm32f1xx_hal_tim.o
    0x08002696   0x000000f2   Code   RO         2063    i.HAL_TIM_ConfigClockSource  stm32f1xx_hal_tim.o
    0x08002788   0x0000005e   Code   RO         1290    i.HAL_UART_Init     stm32f1xx_hal_uart.o
    0x080027e6   0x00000002   PAD
    0x080027e8   0x00000058   Code   RO          391    i.HAL_UART_MspInit  usart.o
    0x08002840   0x000000cc   Code   RO         1298    i.HAL_UART_Transmit  stm32f1xx_hal_uart.o
    0x0800290c   0x00000002   Code   RO          311    i.HardFault_Handler  stm32f1xx_it.o
    0x0800290e   0x00000002   PAD
    0x08002910   0x000000e8   Code   RO          125    i.Key_Scan          main.o
    0x080029f8   0x00000048   Code   RO          464    i.MX_ADC1_Init      adc.o
    0x08002a40   0x0000002c   Code   RO          438    i.MX_DMA_Init       dma.o
    0x08002a6c   0x00000078   Code   RO          284    i.MX_GPIO_Init      gpio.o
    0x08002ae4   0x00000058   Code   RO          506    i.MX_TIM3_Init      tim.o
    0x08002b3c   0x00000038   Code   RO          392    i.MX_USART1_UART_Init  usart.o
    0x08002b74   0x00000002   Code   RO          312    i.MemManage_Handler  stm32f1xx_it.o
    0x08002b76   0x00000002   Code   RO          313    i.NMI_Handler       stm32f1xx_it.o
    0x08002b78   0x00000020   Code   RO          859    i.NVIC_SetPriority  stm32f1xx_hal_cortex.o
    0x08002b98   0x00000030   Code   RO          547    i.OLED_Clear        oled.o
    0x08002bc8   0x00000040   Code   RO          550    i.OLED_DrawPoint    oled.o
    0x08002c08   0x000000f8   Code   RO          552    i.OLED_Init         oled.o
    0x08002d00   0x0000004c   Code   RO          554    i.OLED_Refresh_Gram  oled.o
    0x08002d4c   0x0000005c   Code   RO          558    i.OLED_WR_Byte      oled.o
    0x08002da8   0x00000002   Code   RO          314    i.PendSV_Handler    stm32f1xx_it.o
    0x08002daa   0x00000002   Code   RO          315    i.SVC_Handler       stm32f1xx_it.o
    0x08002dac   0x0000000e   Code   RO          316    i.SysTick_Handler   stm32f1xx_it.o
    0x08002dba   0x0000007a   Code   RO          126    i.SystemClock_Config  main.o
    0x08002e34   0x00000048   Code   RO          664    i.SystemInit        system_stm32f1xx.o
    0x08002e7c   0x00000064   Code   RO         2138    i.TIM_Base_SetConfig  stm32f1xx_hal_tim.o
    0x08002ee0   0x00000014   Code   RO         2145    i.TIM_ETR_SetConfig  stm32f1xx_hal_tim.o
    0x08002ef4   0x00000010   Code   RO         2146    i.TIM_ITRx_SetConfig  stm32f1xx_hal_tim.o
    0x08002f04   0x00000022   Code   RO         2152    i.TIM_TI1_ConfigInputStage  stm32f1xx_hal_tim.o
    0x08002f26   0x00000024   Code   RO         2154    i.TIM_TI2_ConfigInputStage  stm32f1xx_hal_tim.o
    0x08002f4a   0x00000002   PAD
    0x08002f4c   0x00000170   Code   RO         1309    i.UART_SetConfig    stm32f1xx_hal_uart.o
    0x080030bc   0x00000092   Code   RO         1311    i.UART_WaitOnFlagUntilTimeout  stm32f1xx_hal_uart.o
    0x0800314e   0x00000002   Code   RO          317    i.UsageFault_Handler  stm32f1xx_it.o
    0x08003150   0x00000010   Code   RO         3550    i.__0printf$bare    mc_w.l(printfb.o)
    0x08003160   0x0000000e   Code   RO         3922    i.__scatterload_copy  mc_w.l(handlers.o)
    0x0800316e   0x00000002   Code   RO         3923    i.__scatterload_null  mc_w.l(handlers.o)
    0x08003170   0x0000000e   Code   RO         3924    i.__scatterload_zeroinit  mc_w.l(handlers.o)
    0x0800317e   0x00000002   PAD
    0x08003180   0x0000000c   Code   RO         3896    i.__set_errno       mc_w.l(errno.o)
    0x0800318c   0x00000022   Code   RO         3557    i._printf_core      mc_w.l(printfb.o)
    0x080031ae   0x00000002   PAD
    0x080031b0   0x000000b4   Code   RO          127    i.display1          main.o
    0x08003264   0x00000098   Code   RO          128    i.display2          main.o
    0x080032fc   0x000000c0   Code   RO          129    i.display3          main.o
    0x080033bc   0x000000dc   Code   RO          130    i.display4          main.o
    0x08003498   0x00000018   Code   RO          393    i.fputc             usart.o
    0x080034b0   0x0000009c   Code   RO          131    i.main              main.o
    0x0800354c   0x0000004c   Code   RO         3537    i.sqrt              m_ws.l(sqrt.o)
    0x08003598   0x00000400   Data   RO          133    .constdata          main.o
    0x08003998   0x00000010   Data   RO          665    .constdata          system_stm32f1xx.o
    0x080039a8   0x00000008   Data   RO          666    .constdata          system_stm32f1xx.o
    0x080039b0   0x00000300   Data   RO         2988    .constdata          font5_7.o
    0x08003cb0   0x00000008   Data   RO         3166    .constdata          gui_stockc.o
    0x08003cb8   0x00000020   Data   RO         3920    Region$$Table       anon$$obj.o


    Execution Region RW_IRAM1 (Base: 0x20000000, Size: 0x00001980, Max: 0x00005000, ABSOLUTE)

    Base Addr    Size         Type   Attr      Idx    E Section Name        Object

    0x20000000   0x00000006   Data   RW          135    .data               main.o
    0x20000006   0x00000002   PAD
    0x20000008   0x00000004   Data   RW          667    .data               system_stm32f1xx.o
    0x2000000c   0x00000004   Data   RW         1704    .data               stm32f1xx_hal.o
    0x20000010   0x00000002   Data   RW         3167    .data               gui_stockc.o
    0x20000012   0x00000002   PAD
    0x20000014   0x00000004   Data   RW         3885    .data               mc_w.l(stdout.o)
    0x20000018   0x00000004   Data   RW         3897    .data               mc_w.l(errno.o)
    0x2000001c   0x00000c80   Zero   RW          132    .bss                main.o
    0x20000c9c   0x00000040   Zero   RW          394    .bss                usart.o
    0x20000cdc   0x00000068   Zero   RW          465    .bss                adc.o
    0x20000d44   0x0000003c   Zero   RW          507    .bss                tim.o
    0x20000d80   0x00000800   Zero   RW          560    .bss                oled.o
    0x20001580   0x00000400   Zero   RW         2956    STACK               startup_stm32f103xb.o


==============================================================================

Image component sizes


      Code (inc. data)   RO Data    RW Data    ZI Data      Debug   Object Name

       192         32          0          0        104       1683   adc.o
         0          0          0          0          0        756   convertcolor.o
      1502       1008          0          0          0        300   cr4_fft_256_stm32.o
        44          4          0          0          0        746   dma.o
       166         18        768          0          0       2053   font5_7.o
       120         12          0          0          0        903   gpio.o
       328          0          0          0          0       1567   gui_basic.o
        12          4          8          2          0       1123   gui_stockc.o
       100          0          0          0          0       3028   lcmdrv.o
       162         12          0          0          0       1897   loadbit.o
      1584        140       1024          6       3200       8310   main.o
       632         36          0          0       2048       4586   oled.o
        36          8        236          0       1024        768   startup_stm32f103xb.o
       120         16          0          4          0       3646   stm32f1xx_hal.o
      1318         52          0          0          0       8906   stm32f1xx_hal_adc.o
       228         14          0          0          0      27457   stm32f1xx_hal_cortex.o
       904          4          0          0          0       4379   stm32f1xx_hal_dma.o
       464         36          0          0          0       3699   stm32f1xx_hal_gpio.o
       128         10          0          0          0     468858   stm32f1xx_hal_msp.o
      2042         98          0          0          0       5872   stm32f1xx_hal_rcc.o
       300         12          0          0          0       1336   stm32f1xx_hal_rcc_ex.o
       528         14          0          0          0       6462   stm32f1xx_hal_tim.o
        80          0          0          0          0       1284   stm32f1xx_hal_tim_ex.o
       812          4          0          0          0       4044   stm32f1xx_hal_uart.o
        42          6          0          0          0       4329   stm32f1xx_it.o
        72         16         24          4          0       1167   system_stm32f1xx.o
       128         18          0          0         60       1594   tim.o
       168         24          0          0         64       2106   usart.o

    ----------------------------------------------------------------------
     12236       1600       2092         20       6500     572859   Object Totals
         0          0         32          0          0          0   (incl. Generated)
        24          2          0          4          0          0   (incl. Padding)

    ----------------------------------------------------------------------

      Code (inc. data)   RO Data    RW Data    ZI Data      Debug   Library Member Name

        76          0          0          0          0         84   sqrt.o
         0          0          0          0          0          0   entry.o
         0          0          0          0          0          0   entry10a.o
         0          0          0          0          0          0   entry11a.o
         8          4          0          0          0          0   entry2.o
         4          0          0          0          0          0   entry5.o
         0          0          0          0          0          0   entry7b.o
         0          0          0          0          0          0   entry8b.o
         8          4          0          0          0          0   entry9a.o
        12          6          0          4          0         68   errno.o
        30          0          0          0          0          0   handlers.o
        36          8          0          0          0         68   init.o
         0          0          0          0          0          0   iusefp.o
        30          0          0          0          0         68   llshl.o
        32          0          0          0          0         68   llushr.o
        50          8          0          0          0        152   printfb.o
         0          0          0          4          0          0   stdout.o
        56          0          0          0          0         88   d2f.o
       186          0          0          0          0        176   depilogue.o
        46          0          0          0          0         80   dscalb.o
       162          0          0          0          0        100   dsqrt.o
        38          0          0          0          0         68   f2d.o
       176          0          0          0          0        140   fadd.o
       110          0          0          0          0        168   fepilogue.o
        40          0          0          0          0         68   ffixui.o
        18          0          0          0          0         68   fflti.o
       100          0          0          0          0         76   fmul.o
        24          0          0          0          0         68   fscalb.o

    ----------------------------------------------------------------------
      1248         30          0          8          0       1608   Library Totals
         6          0          0          0          0          0   (incl. Padding)

    ----------------------------------------------------------------------

      Code (inc. data)   RO Data    RW Data    ZI Data      Debug   Library Name

        76          0          0          0          0         84   m_ws.l
       210         30          0          8          0        424   mc_w.l
       956          0          0          0          0       1100   mf_w.l

    ----------------------------------------------------------------------
      1248         30          0          8          0       1608   Library Totals

    ----------------------------------------------------------------------

==============================================================================


      Code (inc. data)   RO Data    RW Data    ZI Data      Debug   

     13484       1630       2092         28       6500     568795   Grand Totals
     13484       1630       2092         28       6500     568795   ELF Image Totals
     13484       1630       2092         28          0          0   ROM Totals

==============================================================================

    Total RO  Size (Code + RO Data)                15576 (  15.21kB)
    Total RW  Size (RW Data + ZI Data)              6528 (   6.38kB)
    Total ROM Size (Code + RO Data + RW Data)      15604 (  15.24kB)

==============================================================================

